
   PASS  Tests\Unit\ExampleTest
  Γ£ô that true is true                                                0.01s  

   PASS  Tests\Feature\AdminOrderTest
  Γ£ô admin can view orders list                                       0.40s  
  Γ£ô non admin cannot view orders                                     0.03s  
  Γ£ô admin can view order details                                     0.06s  
  Γ£ô admin can update order status                                    0.06s  

   PASS  Tests\Feature\AdminProductTest
  Γ£ô admin can view products list                                     0.04s  
  Γ£ô non admin cannot access products management                      0.04s  
  Γ£ô admin can create product                                         0.04s  
  Γ£ô admin can update product                                         0.02s  
  Γ£ô admin can delete product                                         0.03s  

   FAIL  Tests\Feature\AdminReportTest
  Γ¿» admin can view reports page                                      1.61s  
  Γ£ô non admin cannot view reports page                               0.03s  
  Γ¿» reports page shows correct data                                  0.64s  

   PASS  Tests\Feature\AdminUserTest
  Γ£ô admin can view users list                                        0.05s  
  Γ£ô non admin cannot view users list                                 0.04s  
  Γ£ô admin can view user details                                      0.03s  
  Γ£ô admin can update user role                                       0.04s  
  Γ£ô admin cannot remove own admin role                               0.03s  
  Γ£ô admin can delete user                                            0.02s  
  Γ£ô admin cannot delete themselves                                   0.03s  

   PASS  Tests\Feature\AdminVariantTest
  Γ£ô admin can view variants list                                     0.06s  
  Γ£ô admin can create variant                                         0.05s  
  Γ£ô admin can update variant                                         0.04s  
  Γ£ô admin can delete variant                                         0.02s  

   FAIL  Tests\Feature\ExampleTest
  Γ¿» the application returns a successful response                    0.58s  

   PASS  Tests\Feature\OrderFlowTest
  Γ£ô customer can place order                                         0.06s  

   PASS  Tests\Feature\ProfileTest
  Γ£ô user can view profile page                                       0.03s  
  Γ£ô user can update profile info                                     0.03s  
  Γ£ô user can update password                                         0.03s  
  Γ£ô user can add address                                             0.02s  
  Γ£ô user can delete address                                          0.03s  
  Γ£ô user cannot delete others address                                0.02s  

   PASS  Tests\Feature\ReviewTest
  Γ£ô authenticated user can submit review                             0.03s  
  Γ£ô guest cannot submit review                                       0.02s  
  Γ£ô user cannot review same product twice                            0.03s  
  Γ£ô rating must be between 1 and 5                                   0.03s  
  ΓöÇΓöÇΓöÇΓöÇΓöÇΓöÇΓöÇΓöÇΓöÇΓöÇΓöÇΓöÇΓöÇΓöÇΓöÇΓöÇΓöÇΓöÇΓöÇΓöÇΓöÇΓöÇΓöÇΓöÇΓöÇΓöÇΓöÇΓöÇΓöÇΓöÇΓöÇΓöÇΓöÇΓöÇΓöÇΓöÇΓöÇΓöÇΓöÇΓöÇΓöÇΓöÇΓöÇΓöÇΓöÇΓöÇΓöÇΓöÇΓöÇΓöÇΓöÇΓöÇΓöÇΓöÇΓöÇΓöÇΓöÇΓöÇΓöÇΓöÇΓöÇΓöÇΓöÇΓöÇΓöÇΓöÇΓöÇΓöÇΓöÇΓöÇΓöÇΓöÇ  
   FAILED  Tests\Feature\AdminReportTest > admin can view reports page      
  Expected response status code [200] but received 500.
Failed asserting that 500 is identical to 200.

The following exception occurred during the last request:

PDOException: SQLSTATE[HY000]: General error: 1 no such function: DATE_FORMAT in E:\PROJECTS\php_project\refurbished-phones-shop\vendor\laravel\framework\src\Illuminate\Database\Connection.php:420
Stack trace:
#0 E:\PROJECTS\php_project\refurbished-phones-shop\vendor\laravel\framework\src\Illuminate\Database\Connection.php(420): PDO->prepare('select DATE_FOR...')
#1 E:\PROJECTS\php_project\refurbished-phones-shop\vendor\laravel\framework\src\Illuminate\Database\Connection.php(827): Illuminate\Database\Connection->{closure:Illuminate\Database\Connection::select():411}('select DATE_FOR...', Array)
#2 E:\PROJECTS\php_project\refurbished-phones-shop\vendor\laravel\framework\src\Illuminate\Database\Connection.php(794): Illuminate\Database\Connection->runQueryCallback('select DATE_FOR...', Array, Object(Closure))
#3 E:\PROJECTS\php_project\refurbished-phones-shop\vendor\laravel\framework\src\Illuminate\Database\Connection.php(411): Illuminate\Database\Connection->run('select DATE_FOR...', Array, Object(Closure))
#4 E:\PROJECTS\php_project\refurbished-phones-shop\vendor\laravel\framework\src\Illuminate\Database\Query\Builder.php(3438): Illuminate\Database\Connection->select('select DATE_FOR...', Array, true)
#5 E:\PROJECTS\php_project\refurbished-phones-shop\vendor\laravel\framework\src\Illuminate\Database\Query\Builder.php(3423): Illuminate\Database\Query\Builder->runSelect()
#6 E:\PROJECTS\php_project\refurbished-phones-shop\vendor\laravel\framework\src\Illuminate\Database\Query\Builder.php(4013): Illuminate\Database\Query\Builder->{closure:Illuminate\Database\Query\Builder::get():3422}()
#7 E:\PROJECTS\php_project\refurbished-phones-shop\vendor\laravel\framework\src\Illuminate\Database\Query\Builder.php(3422): Illuminate\Database\Query\Builder->onceWithColumns(Array, Object(Closure))
#8 E:\PROJECTS\php_project\refurbished-phones-shop\vendor\laravel\framework\src\Illuminate\Database\Eloquent\Builder.php(902): Illuminate\Database\Query\Builder->get(Array)
#9 E:\PROJECTS\php_project\refurbished-phones-shop\vendor\laravel\framework\src\Illuminate\Database\Eloquent\Builder.php(884): Illuminate\Database\Eloquent\Builder->getModels(Array)
#10 E:\PROJECTS\php_project\refurbished-phones-shop\app\Http\Controllers\Admin\ReportController.php(59): Illuminate\Database\Eloquent\Builder->get()
#11 E:\PROJECTS\php_project\refurbished-phones-shop\vendor\laravel\framework\src\Illuminate\Routing\ControllerDispatcher.php(46): App\Http\Controllers\Admin\ReportController->index()
#12 E:\PROJECTS\php_project\refurbished-phones-shop\vendor\laravel\framework\src\Illuminate\Routing\Route.php(265): Illuminate\Routing\ControllerDispatcher->dispatch(Object(Illuminate\Routing\Route), Object(App\Http\Controllers\Admin\ReportController), 'index')
#13 E:\PROJECTS\php_project\refurbished-phones-shop\vendor\laravel\framework\src\Illuminate\Routing\Route.php(211): Illuminate\Routing\Route->runController()
#14 E:\PROJECTS\php_project\refurbished-phones-shop\vendor\laravel\framework\src\Illuminate\Routing\Router.php(822): Illuminate\Routing\Route->run()
#15 E:\PROJECTS\php_project\refurbished-phones-shop\vendor\laravel\framework\src\Illuminate\Pipeline\Pipeline.php(180): Illuminate\Routing\Router->{closure:Illuminate\Routing\Router::runRouteWithinStack():821}(Object(Illuminate\Http\Request))
#16 E:\PROJECTS\php_project\refurbished-phones-shop\app\Http\Middleware\RoleMiddleware.php(21): Illuminate\Pipeline\Pipeline->{closure:Illuminate\Pipeline\Pipeline::prepareDestination():178}(Object(Illuminate\Http\Request))
#17 E:\PROJECTS\php_project\refurbished-phones-shop\vendor\laravel\framework\src\Illuminate\Pipeline\Pipeline.php(219): App\Http\Middleware\RoleMiddleware->handle(Object(Illuminate\Http\Request), Object(Closure), 'admin')
#18 E:\PROJECTS\php_project\refurbished-phones-shop\vendor\laravel\framework\src\Illuminate\Routing\Middleware\SubstituteBindings.php(50): Illuminate\Pipeline\Pipeline->{closure:{closure:Illuminate\Pipeline\Pipeline::carry():194}:195}(Object(Illuminate\Http\Request))
#19 E:\PROJECTS\php_project\refurbished-phones-shop\vendor\laravel\framework\src\Illuminate\Pipeline\Pipeline.php(219): Illuminate\Routing\Middleware\SubstituteBindings->handle(Object(Illuminate\Http\Request), Object(Closure))
#20 E:\PROJECTS\php_project\refurbished-phones-shop\vendor\laravel\framework\src\Illuminate\Auth\Middleware\Authenticate.php(63): Illuminate\Pipeline\Pipeline->{closure:{closure:Illuminate\Pipeline\Pipeline::carry():194}:195}(Object(Illuminate\Http\Request))
#21 E:\PROJECTS\php_project\refurbished-phones-shop\vendor\laravel\framework\src\Illuminate\Pipeline\Pipeline.php(219): Illuminate\Auth\Middleware\Authenticate->handle(Object(Illuminate\Http\Request), Object(Closure))
#22 E:\PROJECTS\php_project\refurbished-phones-shop\vendor\laravel\framework\src\Illuminate\Foundation\Http\Middleware\VerifyCsrfToken.php(87): Illuminate\Pipeline\Pipeline->{closure:{closure:Illuminate\Pipeline\Pipeline::carry():194}:195}(Object(Illuminate\Http\Request))
#23 E:\PROJECTS\php_project\refurbished-phones-shop\vendor\laravel\framework\src\Illuminate\Pipeline\Pipeline.php(219): Illuminate\Foundation\Http\Middleware\VerifyCsrfToken->handle(Object(Illuminate\Http\Request), Object(Closure))
#24 E:\PROJECTS\php_project\refurbished-phones-shop\vendor\laravel\framework\src\Illuminate\View\Middleware\ShareErrorsFromSession.php(48): Illuminate\Pipeline\Pipeline->{closure:{closure:Illuminate\Pipeline\Pipeline::carry():194}:195}(Object(Illuminate\Http\Request))
#25 E:\PROJECTS\php_project\refurbished-phones-shop\vendor\laravel\framework\src\Illuminate\Pipeline\Pipeline.php(219): Illuminate\View\Middleware\ShareErrorsFromSession->handle(Object(Illuminate\Http\Request), Object(Closure))
#26 E:\PROJECTS\php_project\refurbished-phones-shop\vendor\laravel\framework\src\Illuminate\Session\Middleware\StartSession.php(120): Illuminate\Pipeline\Pipeline->{closure:{closure:Illuminate\Pipeline\Pipeline::carry():194}:195}(Object(Illuminate\Http\Request))
#27 E:\PROJECTS\php_project\refurbished-phones-shop\vendor\laravel\framework\src\Illuminate\Session\Middleware\StartSession.php(63): Illuminate\Session\Middleware\StartSession->handleStatefulRequest(Object(Illuminate\Http\Request), Object(Illuminate\Session\Store), Object(Closure))
#28 E:\PROJECTS\php_project\refurbished-phones-shop\vendor\laravel\framework\src\Illuminate\Pipeline\Pipeline.php(219): Illuminate\Session\Middleware\StartSession->handle(Object(Illuminate\Http\Request), Object(Closure))
#29 E:\PROJECTS\php_project\refurbished-phones-shop\vendor\laravel\framework\src\Illuminate\Cookie\Middleware\AddQueuedCookiesToResponse.php(36): Illuminate\Pipeline\Pipeline->{closure:{closure:Illuminate\Pipeline\Pipeline::carry():194}:195}(Object(Illuminate\Http\Request))
#30 E:\PROJECTS\php_project\refurbished-phones-shop\vendor\laravel\framework\src\Illuminate\Pipeline\Pipeline.php(219): Illuminate\Cookie\Middleware\AddQueuedCookiesToResponse->handle(Object(Illuminate\Http\Request), Object(Closure))
#31 E:\PROJECTS\php_project\refurbished-phones-shop\vendor\laravel\framework\src\Illuminate\Cookie\Middleware\EncryptCookies.php(74): Illuminate\Pipeline\Pipeline->{closure:{closure:Illuminate\Pipeline\Pipeline::carry():194}:195}(Object(Illuminate\Http\Request))
#32 E:\PROJECTS\php_project\refurbished-phones-shop\vendor\laravel\framework\src\Illuminate\Pipeline\Pipeline.php(219): Illuminate\Cookie\Middleware\EncryptCookies->handle(Object(Illuminate\Http\Request), Object(Closure))
#33 E:\PROJECTS\php_project\refurbished-phones-shop\vendor\laravel\framework\src\Illuminate\Pipeline\Pipeline.php(137): Illuminate\Pipeline\Pipeline->{closure:{closure:Illuminate\Pipeline\Pipeline::carry():194}:195}(Object(Illuminate\Http\Request))
#34 E:\PROJECTS\php_project\refurbished-phones-shop\vendor\laravel\framework\src\Illuminate\Routing\Router.php(821): Illuminate\Pipeline\Pipeline->then(Object(Closure))
#35 E:\PROJECTS\php_project\refurbished-phones-shop\vendor\laravel\framework\src\Illuminate\Routing\Router.php(800): Illuminate\Routing\Router->runRouteWithinStack(Object(Illuminate\Routing\Route), Object(Illuminate\Http\Request))
#36 E:\PROJECTS\php_project\refurbished-phones-shop\vendor\laravel\framework\src\Illuminate\Routing\Router.php(764): Illuminate\Routing\Router->runRoute(Object(Illuminate\Http\Request), Object(Illuminate\Routing\Route))
#37 E:\PROJECTS\php_project\refurbished-phones-shop\vendor\laravel\framework\src\Illuminate\Routing\Router.php(753): Illuminate\Routing\Router->dispatchToRoute(Object(Illuminate\Http\Request))
#38 E:\PROJECTS\php_project\refurbished-phones-shop\vendor\laravel\framework\src\Illuminate\Foundation\Http\Kernel.php(200): Illuminate\Routing\Router->dispatch(Object(Illuminate\Http\Request))
#39 E:\PROJECTS\php_project\refurbished-phones-shop\vendor\laravel\framework\src\Illuminate\Pipeline\Pipeline.php(180): Illuminate\Foundation\Http\Kernel->{closure:Illuminate\Foundation\Http\Kernel::dispatchToRouter():197}(Object(Illuminate\Http\Request))
#40 E:\PROJECTS\php_project\refurbished-phones-shop\vendor\laravel\framework\src\Illuminate\Foundation\Http\Middleware\TransformsRequest.php(21): Illuminate\Pipeline\Pipeline->{closure:Illuminate\Pipeline\Pipeline::prepareDestination():178}(Object(Illuminate\Http\Request))
#41 E:\PROJECTS\php_project\refurbished-phones-shop\vendor\laravel\framework\src\Illuminate\Foundation\Http\Middleware\ConvertEmptyStringsToNull.php(31): Illuminate\Foundation\Http\Middleware\TransformsRequest->handle(Object(Illuminate\Http\Request), Object(Closure))
#42 E:\PROJECTS\php_project\refurbished-phones-shop\vendor\laravel\framework\src\Illuminate\Pipeline\Pipeline.php(219): Illuminate\Foundation\Http\Middleware\ConvertEmptyStringsToNull->handle(Object(Illuminate\Http\Request), Object(Closure))
#43 E:\PROJECTS\php_project\refurbished-phones-shop\vendor\laravel\framework\src\Illuminate\Foundation\Http\Middleware\TransformsRequest.php(21): Illuminate\Pipeline\Pipeline->{closure:{closure:Illuminate\Pipeline\Pipeline::carry():194}:195}(Object(Illuminate\Http\Request))
#44 E:\PROJECTS\php_project\refurbished-phones-shop\vendor\laravel\framework\src\Illuminate\Foundation\Http\Middleware\TrimStrings.php(51): Illuminate\Foundation\Http\Middleware\TransformsRequest->handle(Object(Illuminate\Http\Request), Object(Closure))
#45 E:\PROJECTS\php_project\refurbished-phones-shop\vendor\laravel\framework\src\Illuminate\Pipeline\Pipeline.php(219): Illuminate\Foundation\Http\Middleware\TrimStrings->handle(Object(Illuminate\Http\Request), Object(Closure))
#46 E:\PROJECTS\php_project\refurbished-phones-shop\vendor\laravel\framework\src\Illuminate\Http\Middleware\ValidatePostSize.php(27): Illuminate\Pipeline\Pipeline->{closure:{closure:Illuminate\Pipeline\Pipeline::carry():194}:195}(Object(Illuminate\Http\Request))
#47 E:\PROJECTS\php_project\refurbished-phones-shop\vendor\laravel\framework\src\Illuminate\Pipeline\Pipeline.php(219): Illuminate\Http\Middleware\ValidatePostSize->handle(Object(Illuminate\Http\Request), Object(Closure))
#48 E:\PROJECTS\php_project\refurbished-phones-shop\vendor\laravel\framework\src\Illuminate\Foundation\Http\Middleware\PreventRequestsDuringMaintenance.php(109): Illuminate\Pipeline\Pipeline->{closure:{closure:Illuminate\Pipeline\Pipeline::carry():194}:195}(Object(Illuminate\Http\Request))
#49 E:\PROJECTS\php_project\refurbished-phones-shop\vendor\laravel\framework\src\Illuminate\Pipeline\Pipeline.php(219): Illuminate\Foundation\Http\Middleware\PreventRequestsDuringMaintenance->handle(Object(Illuminate\Http\Request), Object(Closure))
#50 E:\PROJECTS\php_project\refurbished-phones-shop\vendor\laravel\framework\src\Illuminate\Http\Middleware\HandleCors.php(61): Illuminate\Pipeline\Pipeline->{closure:{closure:Illuminate\Pipeline\Pipeline::carry():194}:195}(Object(Illuminate\Http\Request))
#51 E:\PROJECTS\php_project\refurbished-phones-shop\vendor\laravel\framework\src\Illuminate\Pipeline\Pipeline.php(219): Illuminate\Http\Middleware\HandleCors->handle(Object(Illuminate\Http\Request), Object(Closure))
#52 E:\PROJECTS\php_project\refurbished-phones-shop\vendor\laravel\framework\src\Illuminate\Http\Middleware\TrustProxies.php(58): Illuminate\Pipeline\Pipeline->{closure:{closure:Illuminate\Pipeline\Pipeline::carry():194}:195}(Object(Illuminate\Http\Request))
#53 E:\PROJECTS\php_project\refurbished-phones-shop\vendor\laravel\framework\src\Illuminate\Pipeline\Pipeline.php(219): Illuminate\Http\Middleware\TrustProxies->handle(Object(Illuminate\Http\Request), Object(Closure))
#54 E:\PROJECTS\php_project\refurbished-phones-shop\vendor\laravel\framework\src\Illuminate\Foundation\Http\Middleware\InvokeDeferredCallbacks.php(22): Illuminate\Pipeline\Pipeline->{closure:{closure:Illuminate\Pipeline\Pipeline::carry():194}:195}(Object(Illuminate\Http\Request))
#55 E:\PROJECTS\php_project\refurbished-phones-shop\vendor\laravel\framework\src\Illuminate\Pipeline\Pipeline.php(219): Illuminate\Foundation\Http\Middleware\InvokeDeferredCallbacks->handle(Object(Illuminate\Http\Request), Object(Closure))
#56 E:\PROJECTS\php_project\refurbished-phones-shop\vendor\laravel\framework\src\Illuminate\Http\Middleware\ValidatePathEncoding.php(26): Illuminate\Pipeline\Pipeline->{closure:{closure:Illuminate\Pipeline\Pipeline::carry():194}:195}(Object(Illuminate\Http\Request))
#57 E:\PROJECTS\php_project\refurbished-phones-shop\vendor\laravel\framework\src\Illuminate\Pipeline\Pipeline.php(219): Illuminate\Http\Middleware\ValidatePathEncoding->handle(Object(Illuminate\Http\Request), Object(Closure))
#58 E:\PROJECTS\php_project\refurbished-phones-shop\vendor\laravel\framework\src\Illuminate\Pipeline\Pipeline.php(137): Illuminate\Pipeline\Pipeline->{closure:{closure:Illuminate\Pipeline\Pipeline::carry():194}:195}(Object(Illuminate\Http\Request))
#59 E:\PROJECTS\php_project\refurbished-phones-shop\vendor\laravel\framework\src\Illuminate\Foundation\Http\Kernel.php(175): Illuminate\Pipeline\Pipeline->then(Object(Closure))
#60 E:\PROJECTS\php_project\refurbished-phones-shop\vendor\laravel\framework\src\Illuminate\Foundation\Http\Kernel.php(144): Illuminate\Foundation\Http\Kernel->sendRequestThroughRouter(Object(Illuminate\Http\Request))
#61 E:\PROJECTS\php_project\refurbished-phones-shop\vendor\laravel\framework\src\Illuminate\Foundation\Testing\Concerns\MakesHttpRequests.php(607): Illuminate\Foundation\Http\Kernel->handle(Object(Illuminate\Http\Request))
#62 E:\PROJECTS\php_project\refurbished-phones-shop\vendor\laravel\framework\src\Illuminate\Foundation\Testing\Concerns\MakesHttpRequests.php(368): Illuminate\Foundation\Testing\TestCase->call('GET', 'http://localhos...', Array, Array, Array, Array)
#63 E:\PROJECTS\php_project\refurbished-phones-shop\tests\Feature\AdminReportTest.php(33): Illuminate\Foundation\Testing\TestCase->get('http://localhos...')
#64 E:\PROJECTS\php_project\refurbished-phones-shop\vendor\phpunit\phpunit\src\Framework\TestCase.php(1667): Tests\Feature\AdminReportTest->test_admin_can_view_reports_page()
#65 E:\PROJECTS\php_project\refurbished-phones-shop\vendor\phpunit\phpunit\src\Framework\TestCase.php(519): PHPUnit\Framework\TestCase->runTest()
#66 E:\PROJECTS\php_project\refurbished-phones-shop\vendor\phpunit\phpunit\src\Framework\TestRunner\TestRunner.php(87): PHPUnit\Framework\TestCase->runBare()
#67 E:\PROJECTS\php_project\refurbished-phones-shop\vendor\phpunit\phpunit\src\Framework\TestCase.php(365): PHPUnit\Framework\TestRunner->run(Object(Tests\Feature\AdminReportTest))
#68 E:\PROJECTS\php_project\refurbished-phones-shop\vendor\phpunit\phpunit\src\Framework\TestSuite.php(369): PHPUnit\Framework\TestCase->run()
#69 E:\PROJECTS\php_project\refurbished-phones-shop\vendor\phpunit\phpunit\src\Framework\TestSuite.php(369): PHPUnit\Framework\TestSuite->run()
#70 E:\PROJECTS\php_project\refurbished-phones-shop\vendor\phpunit\phpunit\src\Framework\TestSuite.php(369): PHPUnit\Framework\TestSuite->run()
#71 E:\PROJECTS\php_project\refurbished-phones-shop\vendor\phpunit\phpunit\src\TextUI\TestRunner.php(64): PHPUnit\Framework\TestSuite->run()
#72 E:\PROJECTS\php_project\refurbished-phones-shop\vendor\phpunit\phpunit\src\TextUI\Application.php(211): PHPUnit\TextUI\TestRunner->run(Object(PHPUnit\TextUI\Configuration\Configuration), Object(PHPUnit\Runner\ResultCache\DefaultResultCache), Object(PHPUnit\Framework\TestSuite))
#73 E:\PROJECTS\php_project\refurbished-phones-shop\vendor\phpunit\phpunit\phpunit(104): PHPUnit\TextUI\Application->run(Array)
#74 {main}

Next Illuminate\Database\QueryException: SQLSTATE[HY000]: General error: 1 no such function: DATE_FORMAT (Connection: sqlite, Database: :memory:, SQL: select DATE_FORMAT(created_at, "%Y-%m") as month, COUNT(*) as new_customers from "users" where exists (select * from "roles" inner join "model_has_roles" on "roles"."id" = "model_has_roles"."role_id" where "users"."id" = "model_has_roles"."model_id" and "model_has_roles"."model_type" = App\Models\User and "roles"."id" in (2)) and "created_at" >= 2025-08-18 05:32:09 group by "month" order by "month" asc) in E:\PROJECTS\php_project\refurbished-phones-shop\vendor\laravel\framework\src\Illuminate\Database\Connection.php:838
Stack trace:
#0 E:\PROJECTS\php_project\refurbished-phones-shop\vendor\laravel\framework\src\Illuminate\Database\Connection.php(794): Illuminate\Database\Connection->runQueryCallback('select DATE_FOR...', Array, Object(Closure))
#1 E:\PROJECTS\php_project\refurbished-phones-shop\vendor\laravel\framework\src\Illuminate\Database\Connection.php(411): Illuminate\Database\Connection->run('select DATE_FOR...', Array, Object(Closure))
#2 E:\PROJECTS\php_project\refurbished-phones-shop\vendor\laravel\framework\src\Illuminate\Database\Query\Builder.php(3438): Illuminate\Database\Connection->select('select DATE_FOR...', Array, true)
#3 E:\PROJECTS\php_project\refurbished-phones-shop\vendor\laravel\framework\src\Illuminate\Database\Query\Builder.php(3423): Illuminate\Database\Query\Builder->runSelect()
#4 E:\PROJECTS\php_project\refurbished-phones-shop\vendor\laravel\framework\src\Illuminate\Database\Query\Builder.php(4013): Illuminate\Database\Query\Builder->{closure:Illuminate\Database\Query\Builder::get():3422}()
#5 E:\PROJECTS\php_project\refurbished-phones-shop\vendor\laravel\framework\src\Illuminate\Database\Query\Builder.php(3422): Illuminate\Database\Query\Builder->onceWithColumns(Array, Object(Closure))
#6 E:\PROJECTS\php_project\refurbished-phones-shop\vendor\laravel\framework\src\Illuminate\Database\Eloquent\Builder.php(902): Illuminate\Database\Query\Builder->get(Array)
#7 E:\PROJECTS\php_project\refurbished-phones-shop\vendor\laravel\framework\src\Illuminate\Database\Eloquent\Builder.php(884): Illuminate\Database\Eloquent\Builder->getModels(Array)
#8 E:\PROJECTS\php_project\refurbished-phones-shop\app\Http\Controllers\Admin\ReportController.php(59): Illuminate\Database\Eloquent\Builder->get()
#9 E:\PROJECTS\php_project\refurbished-phones-shop\vendor\laravel\framework\src\Illuminate\Routing\ControllerDispatcher.php(46): App\Http\Controllers\Admin\ReportController->index()
#10 E:\PROJECTS\php_project\refurbished-phones-shop\vendor\laravel\framework\src\Illuminate\Routing\Route.php(265): Illuminate\Routing\ControllerDispatcher->dispatch(Object(Illuminate\Routing\Route), Object(App\Http\Controllers\Admin\ReportController), 'index')
#11 E:\PROJECTS\php_project\refurbished-phones-shop\vendor\laravel\framework\src\Illuminate\Routing\Route.php(211): Illuminate\Routing\Route->runController()
#12 E:\PROJECTS\php_project\refurbished-phones-shop\vendor\laravel\framework\src\Illuminate\Routing\Router.php(822): Illuminate\Routing\Route->run()
#13 E:\PROJECTS\php_project\refurbished-phones-shop\vendor\laravel\framework\src\Illuminate\Pipeline\Pipeline.php(180): Illuminate\Routing\Router->{closure:Illuminate\Routing\Router::runRouteWithinStack():821}(Object(Illuminate\Http\Request))
#14 E:\PROJECTS\php_project\refurbished-phones-shop\app\Http\Middleware\RoleMiddleware.php(21): Illuminate\Pipeline\Pipeline->{closure:Illuminate\Pipeline\Pipeline::prepareDestination():178}(Object(Illuminate\Http\Request))
#15 E:\PROJECTS\php_project\refurbished-phones-shop\vendor\laravel\framework\src\Illuminate\Pipeline\Pipeline.php(219): App\Http\Middleware\RoleMiddleware->handle(Object(Illuminate\Http\Request), Object(Closure), 'admin')
#16 E:\PROJECTS\php_project\refurbished-phones-shop\vendor\laravel\framework\src\Illuminate\Routing\Middleware\SubstituteBindings.php(50): Illuminate\Pipeline\Pipeline->{closure:{closure:Illuminate\Pipeline\Pipeline::carry():194}:195}(Object(Illuminate\Http\Request))
#17 E:\PROJECTS\php_project\refurbished-phones-shop\vendor\laravel\framework\src\Illuminate\Pipeline\Pipeline.php(219): Illuminate\Routing\Middleware\SubstituteBindings->handle(Object(Illuminate\Http\Request), Object(Closure))
#18 E:\PROJECTS\php_project\refurbished-phones-shop\vendor\laravel\framework\src\Illuminate\Auth\Middleware\Authenticate.php(63): Illuminate\Pipeline\Pipeline->{closure:{closure:Illuminate\Pipeline\Pipeline::carry():194}:195}(Object(Illuminate\Http\Request))
#19 E:\PROJECTS\php_project\refurbished-phones-shop\vendor\laravel\framework\src\Illuminate\Pipeline\Pipeline.php(219): Illuminate\Auth\Middleware\Authenticate->handle(Object(Illuminate\Http\Request), Object(Closure))
#20 E:\PROJECTS\php_project\refurbished-phones-shop\vendor\laravel\framework\src\Illuminate\Foundation\Http\Middleware\VerifyCsrfToken.php(87): Illuminate\Pipeline\Pipeline->{closure:{closure:Illuminate\Pipeline\Pipeline::carry():194}:195}(Object(Illuminate\Http\Request))
#21 E:\PROJECTS\php_project\refurbished-phones-shop\vendor\laravel\framework\src\Illuminate\Pipeline\Pipeline.php(219): Illuminate\Foundation\Http\Middleware\VerifyCsrfToken->handle(Object(Illuminate\Http\Request), Object(Closure))
#22 E:\PROJECTS\php_project\refurbished-phones-shop\vendor\laravel\framework\src\Illuminate\View\Middleware\ShareErrorsFromSession.php(48): Illuminate\Pipeline\Pipeline->{closure:{closure:Illuminate\Pipeline\Pipeline::carry():194}:195}(Object(Illuminate\Http\Request))
#23 E:\PROJECTS\php_project\refurbished-phones-shop\vendor\laravel\framework\src\Illuminate\Pipeline\Pipeline.php(219): Illuminate\View\Middleware\ShareErrorsFromSession->handle(Object(Illuminate\Http\Request), Object(Closure))
#24 E:\PROJECTS\php_project\refurbished-phones-shop\vendor\laravel\framework\src\Illuminate\Session\Middleware\StartSession.php(120): Illuminate\Pipeline\Pipeline->{closure:{closure:Illuminate\Pipeline\Pipeline::carry():194}:195}(Object(Illuminate\Http\Request))
#25 E:\PROJECTS\php_project\refurbished-phones-shop\vendor\laravel\framework\src\Illuminate\Session\Middleware\StartSession.php(63): Illuminate\Session\Middleware\StartSession->handleStatefulRequest(Object(Illuminate\Http\Request), Object(Illuminate\Session\Store), Object(Closure))
#26 E:\PROJECTS\php_project\refurbished-phones-shop\vendor\laravel\framework\src\Illuminate\Pipeline\Pipeline.php(219): Illuminate\Session\Middleware\StartSession->handle(Object(Illuminate\Http\Request), Object(Closure))
#27 E:\PROJECTS\php_project\refurbished-phones-shop\vendor\laravel\framework\src\Illuminate\Cookie\Middleware\AddQueuedCookiesToResponse.php(36): Illuminate\Pipeline\Pipeline->{closure:{closure:Illuminate\Pipeline\Pipeline::carry():194}:195}(Object(Illuminate\Http\Request))
#28 E:\PROJECTS\php_project\refurbished-phones-shop\vendor\laravel\framework\src\Illuminate\Pipeline\Pipeline.php(219): Illuminate\Cookie\Middleware\AddQueuedCookiesToResponse->handle(Object(Illuminate\Http\Request), Object(Closure))
#29 E:\PROJECTS\php_project\refurbished-phones-shop\vendor\laravel\framework\src\Illuminate\Cookie\Middleware\EncryptCookies.php(74): Illuminate\Pipeline\Pipeline->{closure:{closure:Illuminate\Pipeline\Pipeline::carry():194}:195}(Object(Illuminate\Http\Request))
#30 E:\PROJECTS\php_project\refurbished-phones-shop\vendor\laravel\framework\src\Illuminate\Pipeline\Pipeline.php(219): Illuminate\Cookie\Middleware\EncryptCookies->handle(Object(Illuminate\Http\Request), Object(Closure))
#31 E:\PROJECTS\php_project\refurbished-phones-shop\vendor\laravel\framework\src\Illuminate\Pipeline\Pipeline.php(137): Illuminate\Pipeline\Pipeline->{closure:{closure:Illuminate\Pipeline\Pipeline::carry():194}:195}(Object(Illuminate\Http\Request))
#32 E:\PROJECTS\php_project\refurbished-phones-shop\vendor\laravel\framework\src\Illuminate\Routing\Router.php(821): Illuminate\Pipeline\Pipeline->then(Object(Closure))
#33 E:\PROJECTS\php_project\refurbished-phones-shop\vendor\laravel\framework\src\Illuminate\Routing\Router.php(800): Illuminate\Routing\Router->runRouteWithinStack(Object(Illuminate\Routing\Route), Object(Illuminate\Http\Request))
#34 E:\PROJECTS\php_project\refurbished-phones-shop\vendor\laravel\framework\src\Illuminate\Routing\Router.php(764): Illuminate\Routing\Router->runRoute(Object(Illuminate\Http\Request), Object(Illuminate\Routing\Route))
#35 E:\PROJECTS\php_project\refurbished-phones-shop\vendor\laravel\framework\src\Illuminate\Routing\Router.php(753): Illuminate\Routing\Router->dispatchToRoute(Object(Illuminate\Http\Request))
#36 E:\PROJECTS\php_project\refurbished-phones-shop\vendor\laravel\framework\src\Illuminate\Foundation\Http\Kernel.php(200): Illuminate\Routing\Router->dispatch(Object(Illuminate\Http\Request))
#37 E:\PROJECTS\php_project\refurbished-phones-shop\vendor\laravel\framework\src\Illuminate\Pipeline\Pipeline.php(180): Illuminate\Foundation\Http\Kernel->{closure:Illuminate\Foundation\Http\Kernel::dispatchToRouter():197}(Object(Illuminate\Http\Request))
#38 E:\PROJECTS\php_project\refurbished-phones-shop\vendor\laravel\framework\src\Illuminate\Foundation\Http\Middleware\TransformsRequest.php(21): Illuminate\Pipeline\Pipeline->{closure:Illuminate\Pipeline\Pipeline::prepareDestination():178}(Object(Illuminate\Http\Request))
#39 E:\PROJECTS\php_project\refurbished-phones-shop\vendor\laravel\framework\src\Illuminate\Foundation\Http\Middleware\ConvertEmptyStringsToNull.php(31): Illuminate\Foundation\Http\Middleware\TransformsRequest->handle(Object(Illuminate\Http\Request), Object(Closure))
#40 E:\PROJECTS\php_project\refurbished-phones-shop\vendor\laravel\framework\src\Illuminate\Pipeline\Pipeline.php(219): Illuminate\Foundation\Http\Middleware\ConvertEmptyStringsToNull->handle(Object(Illuminate\Http\Request), Object(Closure))
#41 E:\PROJECTS\php_project\refurbished-phones-shop\vendor\laravel\framework\src\Illuminate\Foundation\Http\Middleware\TransformsRequest.php(21): Illuminate\Pipeline\Pipeline->{closure:{closure:Illuminate\Pipeline\Pipeline::carry():194}:195}(Object(Illuminate\Http\Request))
#42 E:\PROJECTS\php_project\refurbished-phones-shop\vendor\laravel\framework\src\Illuminate\Foundation\Http\Middleware\TrimStrings.php(51): Illuminate\Foundation\Http\Middleware\TransformsRequest->handle(Object(Illuminate\Http\Request), Object(Closure))
#43 E:\PROJECTS\php_project\refurbished-phones-shop\vendor\laravel\framework\src\Illuminate\Pipeline\Pipeline.php(219): Illuminate\Foundation\Http\Middleware\TrimStrings->handle(Object(Illuminate\Http\Request), Object(Closure))
#44 E:\PROJECTS\php_project\refurbished-phones-shop\vendor\laravel\framework\src\Illuminate\Http\Middleware\ValidatePostSize.php(27): Illuminate\Pipeline\Pipeline->{closure:{closure:Illuminate\Pipeline\Pipeline::carry():194}:195}(Object(Illuminate\Http\Request))
#45 E:\PROJECTS\php_project\refurbished-phones-shop\vendor\laravel\framework\src\Illuminate\Pipeline\Pipeline.php(219): Illuminate\Http\Middleware\ValidatePostSize->handle(Object(Illuminate\Http\Request), Object(Closure))
#46 E:\PROJECTS\php_project\refurbished-phones-shop\vendor\laravel\framework\src\Illuminate\Foundation\Http\Middleware\PreventRequestsDuringMaintenance.php(109): Illuminate\Pipeline\Pipeline->{closure:{closure:Illuminate\Pipeline\Pipeline::carry():194}:195}(Object(Illuminate\Http\Request))
#47 E:\PROJECTS\php_project\refurbished-phones-shop\vendor\laravel\framework\src\Illuminate\Pipeline\Pipeline.php(219): Illuminate\Foundation\Http\Middleware\PreventRequestsDuringMaintenance->handle(Object(Illuminate\Http\Request), Object(Closure))
#48 E:\PROJECTS\php_project\refurbished-phones-shop\vendor\laravel\framework\src\Illuminate\Http\Middleware\HandleCors.php(61): Illuminate\Pipeline\Pipeline->{closure:{closure:Illuminate\Pipeline\Pipeline::carry():194}:195}(Object(Illuminate\Http\Request))
#49 E:\PROJECTS\php_project\refurbished-phones-shop\vendor\laravel\framework\src\Illuminate\Pipeline\Pipeline.php(219): Illuminate\Http\Middleware\HandleCors->handle(Object(Illuminate\Http\Request), Object(Closure))
#50 E:\PROJECTS\php_project\refurbished-phones-shop\vendor\laravel\framework\src\Illuminate\Http\Middleware\TrustProxies.php(58): Illuminate\Pipeline\Pipeline->{closure:{closure:Illuminate\Pipeline\Pipeline::carry():194}:195}(Object(Illuminate\Http\Request))
#51 E:\PROJECTS\php_project\refurbished-phones-shop\vendor\laravel\framework\src\Illuminate\Pipeline\Pipeline.php(219): Illuminate\Http\Middleware\TrustProxies->handle(Object(Illuminate\Http\Request), Object(Closure))
#52 E:\PROJECTS\php_project\refurbished-phones-shop\vendor\laravel\framework\src\Illuminate\Foundation\Http\Middleware\InvokeDeferredCallbacks.php(22): Illuminate\Pipeline\Pipeline->{closure:{closure:Illuminate\Pipeline\Pipeline::carry():194}:195}(Object(Illuminate\Http\Request))
#53 E:\PROJECTS\php_project\refurbished-phones-shop\vendor\laravel\framework\src\Illuminate\Pipeline\Pipeline.php(219): Illuminate\Foundation\Http\Middleware\InvokeDeferredCallbacks->handle(Object(Illuminate\Http\Request), Object(Closure))
#54 E:\PROJECTS\php_project\refurbished-phones-shop\vendor\laravel\framework\src\Illuminate\Http\Middleware\ValidatePathEncoding.php(26): Illuminate\Pipeline\Pipeline->{closure:{closure:Illuminate\Pipeline\Pipeline::carry():194}:195}(Object(Illuminate\Http\Request))
#55 E:\PROJECTS\php_project\refurbished-phones-shop\vendor\laravel\framework\src\Illuminate\Pipeline\Pipeline.php(219): Illuminate\Http\Middleware\ValidatePathEncoding->handle(Object(Illuminate\Http\Request), Object(Closure))
#56 E:\PROJECTS\php_project\refurbished-phones-shop\vendor\laravel\framework\src\Illuminate\Pipeline\Pipeline.php(137): Illuminate\Pipeline\Pipeline->{closure:{closure:Illuminate\Pipeline\Pipeline::carry():194}:195}(Object(Illuminate\Http\Request))
#57 E:\PROJECTS\php_project\refurbished-phones-shop\vendor\laravel\framework\src\Illuminate\Foundation\Http\Kernel.php(175): Illuminate\Pipeline\Pipeline->then(Object(Closure))
#58 E:\PROJECTS\php_project\refurbished-phones-shop\vendor\laravel\framework\src\Illuminate\Foundation\Http\Kernel.php(144): Illuminate\Foundation\Http\Kernel->sendRequestThroughRouter(Object(Illuminate\Http\Request))
#59 E:\PROJECTS\php_project\refurbished-phones-shop\vendor\laravel\framework\src\Illuminate\Foundation\Testing\Concerns\MakesHttpRequests.php(607): Illuminate\Foundation\Http\Kernel->handle(Object(Illuminate\Http\Request))
#60 E:\PROJECTS\php_project\refurbished-phones-shop\vendor\laravel\framework\src\Illuminate\Foundation\Testing\Concerns\MakesHttpRequests.php(368): Illuminate\Foundation\Testing\TestCase->call('GET', 'http://localhos...', Array, Array, Array, Array)
#61 E:\PROJECTS\php_project\refurbished-phones-shop\tests\Feature\AdminReportTest.php(33): Illuminate\Foundation\Testing\TestCase->get('http://localhos...')
#62 E:\PROJECTS\php_project\refurbished-phones-shop\vendor\phpunit\phpunit\src\Framework\TestCase.php(1667): Tests\Feature\AdminReportTest->test_admin_can_view_reports_page()
#63 E:\PROJECTS\php_project\refurbished-phones-shop\vendor\phpunit\phpunit\src\Framework\TestCase.php(519): PHPUnit\Framework\TestCase->runTest()
#64 E:\PROJECTS\php_project\refurbished-phones-shop\vendor\phpunit\phpunit\src\Framework\TestRunner\TestRunner.php(87): PHPUnit\Framework\TestCase->runBare()
#65 E:\PROJECTS\php_project\refurbished-phones-shop\vendor\phpunit\phpunit\src\Framework\TestCase.php(365): PHPUnit\Framework\TestRunner->run(Object(Tests\Feature\AdminReportTest))
#66 E:\PROJECTS\php_project\refurbished-phones-shop\vendor\phpunit\phpunit\src\Framework\TestSuite.php(369): PHPUnit\Framework\TestCase->run()
#67 E:\PROJECTS\php_project\refurbished-phones-shop\vendor\phpunit\phpunit\src\Framework\TestSuite.php(369): PHPUnit\Framework\TestSuite->run()
#68 E:\PROJECTS\php_project\refurbished-phones-shop\vendor\phpunit\phpunit\src\Framework\TestSuite.php(369): PHPUnit\Framework\TestSuite->run()
#69 E:\PROJECTS\php_project\refurbished-phones-shop\vendor\phpunit\phpunit\src\TextUI\TestRunner.php(64): PHPUnit\Framework\TestSuite->run()
#70 E:\PROJECTS\php_project\refurbished-phones-shop\vendor\phpunit\phpunit\src\TextUI\Application.php(211): PHPUnit\TextUI\TestRunner->run(Object(PHPUnit\TextUI\Configuration\Configuration), Object(PHPUnit\Runner\ResultCache\DefaultResultCache), Object(PHPUnit\Framework\TestSuite))
#71 E:\PROJECTS\php_project\refurbished-phones-shop\vendor\phpunit\phpunit\phpunit(104): PHPUnit\TextUI\Application->run(Array)
#72 {main}

----------------------------------------------------------------------------------

SQLSTATE[HY000]: General error: 1 no such function: DATE_FORMAT (Connection: sqlite, Database: :memory:, SQL: select DATE_FORMAT(created_at, "%Y-%m") as month, COUNT(*) as new_customers from "users" where exists (select * from "roles" inner join "model_has_roles" on "roles"."id" = "model_has_roles"."role_id" where "users"."id" = "model_has_roles"."model_id" and "model_has_roles"."model_type" = App\Models\User and "roles"."id" in (2)) and "created_at" >= 2025-08-18 05:32:09 group by "month" order by "month" asc)

  at tests\Feature\AdminReportTest.php:35
     31Γûò         $admin->assignRole('admin');
     32Γûò 
     33Γûò         $response = $this->actingAs($admin)->get(route('admin.reports.index'));
     34Γûò 
  Γ₧£  35Γûò         $response->assertStatus(200);
     36Γûò         $response->assertViewIs('admin.reports.index');
     37Γûò         $response->assertSee('Reports & Analytics');
     38Γûò     }
     39Γûò

  ΓöÇΓöÇΓöÇΓöÇΓöÇΓöÇΓöÇΓöÇΓöÇΓöÇΓöÇΓöÇΓöÇΓöÇΓöÇΓöÇΓöÇΓöÇΓöÇΓöÇΓöÇΓöÇΓöÇΓöÇΓöÇΓöÇΓöÇΓöÇΓöÇΓöÇΓöÇΓöÇΓöÇΓöÇΓöÇΓöÇΓöÇΓöÇΓöÇΓöÇΓöÇΓöÇΓöÇΓöÇΓöÇΓöÇΓöÇΓöÇΓöÇΓöÇΓöÇΓöÇΓöÇΓöÇΓöÇΓöÇΓöÇΓöÇΓöÇΓöÇΓöÇΓöÇΓöÇΓöÇΓöÇΓöÇΓöÇΓöÇΓöÇΓöÇΓöÇΓöÇ  
   FAILED  Tests\Feature\AdminReportTest > reports page shows correct daΓÇª   
  Expected response status code [200] but received 500.
Failed asserting that 500 is identical to 200.

The following exception occurred during the last request:

PDOException: SQLSTATE[HY000]: General error: 1 no such function: DATE_FORMAT in E:\PROJECTS\php_project\refurbished-phones-shop\vendor\laravel\framework\src\Illuminate\Database\Connection.php:420
Stack trace:
#0 E:\PROJECTS\php_project\refurbished-phones-shop\vendor\laravel\framework\src\Illuminate\Database\Connection.php(420): PDO->prepare('select DATE_FOR...')
#1 E:\PROJECTS\php_project\refurbished-phones-shop\vendor\laravel\framework\src\Illuminate\Database\Connection.php(827): Illuminate\Database\Connection->{closure:Illuminate\Database\Connection::select():411}('select DATE_FOR...', Array)
#2 E:\PROJECTS\php_project\refurbished-phones-shop\vendor\laravel\framework\src\Illuminate\Database\Connection.php(794): Illuminate\Database\Connection->runQueryCallback('select DATE_FOR...', Array, Object(Closure))
#3 E:\PROJECTS\php_project\refurbished-phones-shop\vendor\laravel\framework\src\Illuminate\Database\Connection.php(411): Illuminate\Database\Connection->run('select DATE_FOR...', Array, Object(Closure))
#4 E:\PROJECTS\php_project\refurbished-phones-shop\vendor\laravel\framework\src\Illuminate\Database\Query\Builder.php(3438): Illuminate\Database\Connection->select('select DATE_FOR...', Array, true)
#5 E:\PROJECTS\php_project\refurbished-phones-shop\vendor\laravel\framework\src\Illuminate\Database\Query\Builder.php(3423): Illuminate\Database\Query\Builder->runSelect()
#6 E:\PROJECTS\php_project\refurbished-phones-shop\vendor\laravel\framework\src\Illuminate\Database\Query\Builder.php(4013): Illuminate\Database\Query\Builder->{closure:Illuminate\Database\Query\Builder::get():3422}()
#7 E:\PROJECTS\php_project\refurbished-phones-shop\vendor\laravel\framework\src\Illuminate\Database\Query\Builder.php(3422): Illuminate\Database\Query\Builder->onceWithColumns(Array, Object(Closure))
#8 E:\PROJECTS\php_project\refurbished-phones-shop\vendor\laravel\framework\src\Illuminate\Database\Eloquent\Builder.php(902): Illuminate\Database\Query\Builder->get(Array)
#9 E:\PROJECTS\php_project\refurbished-phones-shop\vendor\laravel\framework\src\Illuminate\Database\Eloquent\Builder.php(884): Illuminate\Database\Eloquent\Builder->getModels(Array)
#10 E:\PROJECTS\php_project\refurbished-phones-shop\app\Http\Controllers\Admin\ReportController.php(59): Illuminate\Database\Eloquent\Builder->get()
#11 E:\PROJECTS\php_project\refurbished-phones-shop\vendor\laravel\framework\src\Illuminate\Routing\ControllerDispatcher.php(46): App\Http\Controllers\Admin\ReportController->index()
#12 E:\PROJECTS\php_project\refurbished-phones-shop\vendor\laravel\framework\src\Illuminate\Routing\Route.php(265): Illuminate\Routing\ControllerDispatcher->dispatch(Object(Illuminate\Routing\Route), Object(App\Http\Controllers\Admin\ReportController), 'index')
#13 E:\PROJECTS\php_project\refurbished-phones-shop\vendor\laravel\framework\src\Illuminate\Routing\Route.php(211): Illuminate\Routing\Route->runController()
#14 E:\PROJECTS\php_project\refurbished-phones-shop\vendor\laravel\framework\src\Illuminate\Routing\Router.php(822): Illuminate\Routing\Route->run()
#15 E:\PROJECTS\php_project\refurbished-phones-shop\vendor\laravel\framework\src\Illuminate\Pipeline\Pipeline.php(180): Illuminate\Routing\Router->{closure:Illuminate\Routing\Router::runRouteWithinStack():821}(Object(Illuminate\Http\Request))
#16 E:\PROJECTS\php_project\refurbished-phones-shop\app\Http\Middleware\RoleMiddleware.php(21): Illuminate\Pipeline\Pipeline->{closure:Illuminate\Pipeline\Pipeline::prepareDestination():178}(Object(Illuminate\Http\Request))
#17 E:\PROJECTS\php_project\refurbished-phones-shop\vendor\laravel\framework\src\Illuminate\Pipeline\Pipeline.php(219): App\Http\Middleware\RoleMiddleware->handle(Object(Illuminate\Http\Request), Object(Closure), 'admin')
#18 E:\PROJECTS\php_project\refurbished-phones-shop\vendor\laravel\framework\src\Illuminate\Routing\Middleware\SubstituteBindings.php(50): Illuminate\Pipeline\Pipeline->{closure:{closure:Illuminate\Pipeline\Pipeline::carry():194}:195}(Object(Illuminate\Http\Request))
#19 E:\PROJECTS\php_project\refurbished-phones-shop\vendor\laravel\framework\src\Illuminate\Pipeline\Pipeline.php(219): Illuminate\Routing\Middleware\SubstituteBindings->handle(Object(Illuminate\Http\Request), Object(Closure))
#20 E:\PROJECTS\php_project\refurbished-phones-shop\vendor\laravel\framework\src\Illuminate\Auth\Middleware\Authenticate.php(63): Illuminate\Pipeline\Pipeline->{closure:{closure:Illuminate\Pipeline\Pipeline::carry():194}:195}(Object(Illuminate\Http\Request))
#21 E:\PROJECTS\php_project\refurbished-phones-shop\vendor\laravel\framework\src\Illuminate\Pipeline\Pipeline.php(219): Illuminate\Auth\Middleware\Authenticate->handle(Object(Illuminate\Http\Request), Object(Closure))
#22 E:\PROJECTS\php_project\refurbished-phones-shop\vendor\laravel\framework\src\Illuminate\Foundation\Http\Middleware\VerifyCsrfToken.php(87): Illuminate\Pipeline\Pipeline->{closure:{closure:Illuminate\Pipeline\Pipeline::carry():194}:195}(Object(Illuminate\Http\Request))
#23 E:\PROJECTS\php_project\refurbished-phones-shop\vendor\laravel\framework\src\Illuminate\Pipeline\Pipeline.php(219): Illuminate\Foundation\Http\Middleware\VerifyCsrfToken->handle(Object(Illuminate\Http\Request), Object(Closure))
#24 E:\PROJECTS\php_project\refurbished-phones-shop\vendor\laravel\framework\src\Illuminate\View\Middleware\ShareErrorsFromSession.php(48): Illuminate\Pipeline\Pipeline->{closure:{closure:Illuminate\Pipeline\Pipeline::carry():194}:195}(Object(Illuminate\Http\Request))
#25 E:\PROJECTS\php_project\refurbished-phones-shop\vendor\laravel\framework\src\Illuminate\Pipeline\Pipeline.php(219): Illuminate\View\Middleware\ShareErrorsFromSession->handle(Object(Illuminate\Http\Request), Object(Closure))
#26 E:\PROJECTS\php_project\refurbished-phones-shop\vendor\laravel\framework\src\Illuminate\Session\Middleware\StartSession.php(120): Illuminate\Pipeline\Pipeline->{closure:{closure:Illuminate\Pipeline\Pipeline::carry():194}:195}(Object(Illuminate\Http\Request))
#27 E:\PROJECTS\php_project\refurbished-phones-shop\vendor\laravel\framework\src\Illuminate\Session\Middleware\StartSession.php(63): Illuminate\Session\Middleware\StartSession->handleStatefulRequest(Object(Illuminate\Http\Request), Object(Illuminate\Session\Store), Object(Closure))
#28 E:\PROJECTS\php_project\refurbished-phones-shop\vendor\laravel\framework\src\Illuminate\Pipeline\Pipeline.php(219): Illuminate\Session\Middleware\StartSession->handle(Object(Illuminate\Http\Request), Object(Closure))
#29 E:\PROJECTS\php_project\refurbished-phones-shop\vendor\laravel\framework\src\Illuminate\Cookie\Middleware\AddQueuedCookiesToResponse.php(36): Illuminate\Pipeline\Pipeline->{closure:{closure:Illuminate\Pipeline\Pipeline::carry():194}:195}(Object(Illuminate\Http\Request))
#30 E:\PROJECTS\php_project\refurbished-phones-shop\vendor\laravel\framework\src\Illuminate\Pipeline\Pipeline.php(219): Illuminate\Cookie\Middleware\AddQueuedCookiesToResponse->handle(Object(Illuminate\Http\Request), Object(Closure))
#31 E:\PROJECTS\php_project\refurbished-phones-shop\vendor\laravel\framework\src\Illuminate\Cookie\Middleware\EncryptCookies.php(74): Illuminate\Pipeline\Pipeline->{closure:{closure:Illuminate\Pipeline\Pipeline::carry():194}:195}(Object(Illuminate\Http\Request))
#32 E:\PROJECTS\php_project\refurbished-phones-shop\vendor\laravel\framework\src\Illuminate\Pipeline\Pipeline.php(219): Illuminate\Cookie\Middleware\EncryptCookies->handle(Object(Illuminate\Http\Request), Object(Closure))
#33 E:\PROJECTS\php_project\refurbished-phones-shop\vendor\laravel\framework\src\Illuminate\Pipeline\Pipeline.php(137): Illuminate\Pipeline\Pipeline->{closure:{closure:Illuminate\Pipeline\Pipeline::carry():194}:195}(Object(Illuminate\Http\Request))
#34 E:\PROJECTS\php_project\refurbished-phones-shop\vendor\laravel\framework\src\Illuminate\Routing\Router.php(821): Illuminate\Pipeline\Pipeline->then(Object(Closure))
#35 E:\PROJECTS\php_project\refurbished-phones-shop\vendor\laravel\framework\src\Illuminate\Routing\Router.php(800): Illuminate\Routing\Router->runRouteWithinStack(Object(Illuminate\Routing\Route), Object(Illuminate\Http\Request))
#36 E:\PROJECTS\php_project\refurbished-phones-shop\vendor\laravel\framework\src\Illuminate\Routing\Router.php(764): Illuminate\Routing\Router->runRoute(Object(Illuminate\Http\Request), Object(Illuminate\Routing\Route))
#37 E:\PROJECTS\php_project\refurbished-phones-shop\vendor\laravel\framework\src\Illuminate\Routing\Router.php(753): Illuminate\Routing\Router->dispatchToRoute(Object(Illuminate\Http\Request))
#38 E:\PROJECTS\php_project\refurbished-phones-shop\vendor\laravel\framework\src\Illuminate\Foundation\Http\Kernel.php(200): Illuminate\Routing\Router->dispatch(Object(Illuminate\Http\Request))
#39 E:\PROJECTS\php_project\refurbished-phones-shop\vendor\laravel\framework\src\Illuminate\Pipeline\Pipeline.php(180): Illuminate\Foundation\Http\Kernel->{closure:Illuminate\Foundation\Http\Kernel::dispatchToRouter():197}(Object(Illuminate\Http\Request))
#40 E:\PROJECTS\php_project\refurbished-phones-shop\vendor\laravel\framework\src\Illuminate\Foundation\Http\Middleware\TransformsRequest.php(21): Illuminate\Pipeline\Pipeline->{closure:Illuminate\Pipeline\Pipeline::prepareDestination():178}(Object(Illuminate\Http\Request))
#41 E:\PROJECTS\php_project\refurbished-phones-shop\vendor\laravel\framework\src\Illuminate\Foundation\Http\Middleware\ConvertEmptyStringsToNull.php(31): Illuminate\Foundation\Http\Middleware\TransformsRequest->handle(Object(Illuminate\Http\Request), Object(Closure))
#42 E:\PROJECTS\php_project\refurbished-phones-shop\vendor\laravel\framework\src\Illuminate\Pipeline\Pipeline.php(219): Illuminate\Foundation\Http\Middleware\ConvertEmptyStringsToNull->handle(Object(Illuminate\Http\Request), Object(Closure))
#43 E:\PROJECTS\php_project\refurbished-phones-shop\vendor\laravel\framework\src\Illuminate\Foundation\Http\Middleware\TransformsRequest.php(21): Illuminate\Pipeline\Pipeline->{closure:{closure:Illuminate\Pipeline\Pipeline::carry():194}:195}(Object(Illuminate\Http\Request))
#44 E:\PROJECTS\php_project\refurbished-phones-shop\vendor\laravel\framework\src\Illuminate\Foundation\Http\Middleware\TrimStrings.php(51): Illuminate\Foundation\Http\Middleware\TransformsRequest->handle(Object(Illuminate\Http\Request), Object(Closure))
#45 E:\PROJECTS\php_project\refurbished-phones-shop\vendor\laravel\framework\src\Illuminate\Pipeline\Pipeline.php(219): Illuminate\Foundation\Http\Middleware\TrimStrings->handle(Object(Illuminate\Http\Request), Object(Closure))
#46 E:\PROJECTS\php_project\refurbished-phones-shop\vendor\laravel\framework\src\Illuminate\Http\Middleware\ValidatePostSize.php(27): Illuminate\Pipeline\Pipeline->{closure:{closure:Illuminate\Pipeline\Pipeline::carry():194}:195}(Object(Illuminate\Http\Request))
#47 E:\PROJECTS\php_project\refurbished-phones-shop\vendor\laravel\framework\src\Illuminate\Pipeline\Pipeline.php(219): Illuminate\Http\Middleware\ValidatePostSize->handle(Object(Illuminate\Http\Request), Object(Closure))
#48 E:\PROJECTS\php_project\refurbished-phones-shop\vendor\laravel\framework\src\Illuminate\Foundation\Http\Middleware\PreventRequestsDuringMaintenance.php(109): Illuminate\Pipeline\Pipeline->{closure:{closure:Illuminate\Pipeline\Pipeline::carry():194}:195}(Object(Illuminate\Http\Request))
#49 E:\PROJECTS\php_project\refurbished-phones-shop\vendor\laravel\framework\src\Illuminate\Pipeline\Pipeline.php(219): Illuminate\Foundation\Http\Middleware\PreventRequestsDuringMaintenance->handle(Object(Illuminate\Http\Request), Object(Closure))
#50 E:\PROJECTS\php_project\refurbished-phones-shop\vendor\laravel\framework\src\Illuminate\Http\Middleware\HandleCors.php(61): Illuminate\Pipeline\Pipeline->{closure:{closure:Illuminate\Pipeline\Pipeline::carry():194}:195}(Object(Illuminate\Http\Request))
#51 E:\PROJECTS\php_project\refurbished-phones-shop\vendor\laravel\framework\src\Illuminate\Pipeline\Pipeline.php(219): Illuminate\Http\Middleware\HandleCors->handle(Object(Illuminate\Http\Request), Object(Closure))
#52 E:\PROJECTS\php_project\refurbished-phones-shop\vendor\laravel\framework\src\Illuminate\Http\Middleware\TrustProxies.php(58): Illuminate\Pipeline\Pipeline->{closure:{closure:Illuminate\Pipeline\Pipeline::carry():194}:195}(Object(Illuminate\Http\Request))
#53 E:\PROJECTS\php_project\refurbished-phones-shop\vendor\laravel\framework\src\Illuminate\Pipeline\Pipeline.php(219): Illuminate\Http\Middleware\TrustProxies->handle(Object(Illuminate\Http\Request), Object(Closure))
#54 E:\PROJECTS\php_project\refurbished-phones-shop\vendor\laravel\framework\src\Illuminate\Foundation\Http\Middleware\InvokeDeferredCallbacks.php(22): Illuminate\Pipeline\Pipeline->{closure:{closure:Illuminate\Pipeline\Pipeline::carry():194}:195}(Object(Illuminate\Http\Request))
#55 E:\PROJECTS\php_project\refurbished-phones-shop\vendor\laravel\framework\src\Illuminate\Pipeline\Pipeline.php(219): Illuminate\Foundation\Http\Middleware\InvokeDeferredCallbacks->handle(Object(Illuminate\Http\Request), Object(Closure))
#56 E:\PROJECTS\php_project\refurbished-phones-shop\vendor\laravel\framework\src\Illuminate\Http\Middleware\ValidatePathEncoding.php(26): Illuminate\Pipeline\Pipeline->{closure:{closure:Illuminate\Pipeline\Pipeline::carry():194}:195}(Object(Illuminate\Http\Request))
#57 E:\PROJECTS\php_project\refurbished-phones-shop\vendor\laravel\framework\src\Illuminate\Pipeline\Pipeline.php(219): Illuminate\Http\Middleware\ValidatePathEncoding->handle(Object(Illuminate\Http\Request), Object(Closure))
#58 E:\PROJECTS\php_project\refurbished-phones-shop\vendor\laravel\framework\src\Illuminate\Pipeline\Pipeline.php(137): Illuminate\Pipeline\Pipeline->{closure:{closure:Illuminate\Pipeline\Pipeline::carry():194}:195}(Object(Illuminate\Http\Request))
#59 E:\PROJECTS\php_project\refurbished-phones-shop\vendor\laravel\framework\src\Illuminate\Foundation\Http\Kernel.php(175): Illuminate\Pipeline\Pipeline->then(Object(Closure))
#60 E:\PROJECTS\php_project\refurbished-phones-shop\vendor\laravel\framework\src\Illuminate\Foundation\Http\Kernel.php(144): Illuminate\Foundation\Http\Kernel->sendRequestThroughRouter(Object(Illuminate\Http\Request))
#61 E:\PROJECTS\php_project\refurbished-phones-shop\vendor\laravel\framework\src\Illuminate\Foundation\Testing\Concerns\MakesHttpRequests.php(607): Illuminate\Foundation\Http\Kernel->handle(Object(Illuminate\Http\Request))
#62 E:\PROJECTS\php_project\refurbished-phones-shop\vendor\laravel\framework\src\Illuminate\Foundation\Testing\Concerns\MakesHttpRequests.php(368): Illuminate\Foundation\Testing\TestCase->call('GET', 'http://localhos...', Array, Array, Array, Array)
#63 E:\PROJECTS\php_project\refurbished-phones-shop\tests\Feature\AdminReportTest.php(82): Illuminate\Foundation\Testing\TestCase->get('http://localhos...')
#64 E:\PROJECTS\php_project\refurbished-phones-shop\vendor\phpunit\phpunit\src\Framework\TestCase.php(1667): Tests\Feature\AdminReportTest->test_reports_page_shows_correct_data()
#65 E:\PROJECTS\php_project\refurbished-phones-shop\vendor\phpunit\phpunit\src\Framework\TestCase.php(519): PHPUnit\Framework\TestCase->runTest()
#66 E:\PROJECTS\php_project\refurbished-phones-shop\vendor\phpunit\phpunit\src\Framework\TestRunner\TestRunner.php(87): PHPUnit\Framework\TestCase->runBare()
#67 E:\PROJECTS\php_project\refurbished-phones-shop\vendor\phpunit\phpunit\src\Framework\TestCase.php(365): PHPUnit\Framework\TestRunner->run(Object(Tests\Feature\AdminReportTest))
#68 E:\PROJECTS\php_project\refurbished-phones-shop\vendor\phpunit\phpunit\src\Framework\TestSuite.php(369): PHPUnit\Framework\TestCase->run()
#69 E:\PROJECTS\php_project\refurbished-phones-shop\vendor\phpunit\phpunit\src\Framework\TestSuite.php(369): PHPUnit\Framework\TestSuite->run()
#70 E:\PROJECTS\php_project\refurbished-phones-shop\vendor\phpunit\phpunit\src\Framework\TestSuite.php(369): PHPUnit\Framework\TestSuite->run()
#71 E:\PROJECTS\php_project\refurbished-phones-shop\vendor\phpunit\phpunit\src\TextUI\TestRunner.php(64): PHPUnit\Framework\TestSuite->run()
#72 E:\PROJECTS\php_project\refurbished-phones-shop\vendor\phpunit\phpunit\src\TextUI\Application.php(211): PHPUnit\TextUI\TestRunner->run(Object(PHPUnit\TextUI\Configuration\Configuration), Object(PHPUnit\Runner\ResultCache\DefaultResultCache), Object(PHPUnit\Framework\TestSuite))
#73 E:\PROJECTS\php_project\refurbished-phones-shop\vendor\phpunit\phpunit\phpunit(104): PHPUnit\TextUI\Application->run(Array)
#74 {main}

Next Illuminate\Database\QueryException: SQLSTATE[HY000]: General error: 1 no such function: DATE_FORMAT (Connection: sqlite, Database: :memory:, SQL: select DATE_FORMAT(created_at, "%Y-%m") as month, COUNT(*) as new_customers from "users" where exists (select * from "roles" inner join "model_has_roles" on "roles"."id" = "model_has_roles"."role_id" where "users"."id" = "model_has_roles"."model_id" and "model_has_roles"."model_type" = App\Models\User and "roles"."id" in (2)) and "created_at" >= 2025-08-18 05:32:11 group by "month" order by "month" asc) in E:\PROJECTS\php_project\refurbished-phones-shop\vendor\laravel\framework\src\Illuminate\Database\Connection.php:838
Stack trace:
#0 E:\PROJECTS\php_project\refurbished-phones-shop\vendor\laravel\framework\src\Illuminate\Database\Connection.php(794): Illuminate\Database\Connection->runQueryCallback('select DATE_FOR...', Array, Object(Closure))
#1 E:\PROJECTS\php_project\refurbished-phones-shop\vendor\laravel\framework\src\Illuminate\Database\Connection.php(411): Illuminate\Database\Connection->run('select DATE_FOR...', Array, Object(Closure))
#2 E:\PROJECTS\php_project\refurbished-phones-shop\vendor\laravel\framework\src\Illuminate\Database\Query\Builder.php(3438): Illuminate\Database\Connection->select('select DATE_FOR...', Array, true)
#3 E:\PROJECTS\php_project\refurbished-phones-shop\vendor\laravel\framework\src\Illuminate\Database\Query\Builder.php(3423): Illuminate\Database\Query\Builder->runSelect()
#4 E:\PROJECTS\php_project\refurbished-phones-shop\vendor\laravel\framework\src\Illuminate\Database\Query\Builder.php(4013): Illuminate\Database\Query\Builder->{closure:Illuminate\Database\Query\Builder::get():3422}()
#5 E:\PROJECTS\php_project\refurbished-phones-shop\vendor\laravel\framework\src\Illuminate\Database\Query\Builder.php(3422): Illuminate\Database\Query\Builder->onceWithColumns(Array, Object(Closure))
#6 E:\PROJECTS\php_project\refurbished-phones-shop\vendor\laravel\framework\src\Illuminate\Database\Eloquent\Builder.php(902): Illuminate\Database\Query\Builder->get(Array)
#7 E:\PROJECTS\php_project\refurbished-phones-shop\vendor\laravel\framework\src\Illuminate\Database\Eloquent\Builder.php(884): Illuminate\Database\Eloquent\Builder->getModels(Array)
#8 E:\PROJECTS\php_project\refurbished-phones-shop\app\Http\Controllers\Admin\ReportController.php(59): Illuminate\Database\Eloquent\Builder->get()
#9 E:\PROJECTS\php_project\refurbished-phones-shop\vendor\laravel\framework\src\Illuminate\Routing\ControllerDispatcher.php(46): App\Http\Controllers\Admin\ReportController->index()
#10 E:\PROJECTS\php_project\refurbished-phones-shop\vendor\laravel\framework\src\Illuminate\Routing\Route.php(265): Illuminate\Routing\ControllerDispatcher->dispatch(Object(Illuminate\Routing\Route), Object(App\Http\Controllers\Admin\ReportController), 'index')
#11 E:\PROJECTS\php_project\refurbished-phones-shop\vendor\laravel\framework\src\Illuminate\Routing\Route.php(211): Illuminate\Routing\Route->runController()
#12 E:\PROJECTS\php_project\refurbished-phones-shop\vendor\laravel\framework\src\Illuminate\Routing\Router.php(822): Illuminate\Routing\Route->run()
#13 E:\PROJECTS\php_project\refurbished-phones-shop\vendor\laravel\framework\src\Illuminate\Pipeline\Pipeline.php(180): Illuminate\Routing\Router->{closure:Illuminate\Routing\Router::runRouteWithinStack():821}(Object(Illuminate\Http\Request))
#14 E:\PROJECTS\php_project\refurbished-phones-shop\app\Http\Middleware\RoleMiddleware.php(21): Illuminate\Pipeline\Pipeline->{closure:Illuminate\Pipeline\Pipeline::prepareDestination():178}(Object(Illuminate\Http\Request))
#15 E:\PROJECTS\php_project\refurbished-phones-shop\vendor\laravel\framework\src\Illuminate\Pipeline\Pipeline.php(219): App\Http\Middleware\RoleMiddleware->handle(Object(Illuminate\Http\Request), Object(Closure), 'admin')
#16 E:\PROJECTS\php_project\refurbished-phones-shop\vendor\laravel\framework\src\Illuminate\Routing\Middleware\SubstituteBindings.php(50): Illuminate\Pipeline\Pipeline->{closure:{closure:Illuminate\Pipeline\Pipeline::carry():194}:195}(Object(Illuminate\Http\Request))
#17 E:\PROJECTS\php_project\refurbished-phones-shop\vendor\laravel\framework\src\Illuminate\Pipeline\Pipeline.php(219): Illuminate\Routing\Middleware\SubstituteBindings->handle(Object(Illuminate\Http\Request), Object(Closure))
#18 E:\PROJECTS\php_project\refurbished-phones-shop\vendor\laravel\framework\src\Illuminate\Auth\Middleware\Authenticate.php(63): Illuminate\Pipeline\Pipeline->{closure:{closure:Illuminate\Pipeline\Pipeline::carry():194}:195}(Object(Illuminate\Http\Request))
#19 E:\PROJECTS\php_project\refurbished-phones-shop\vendor\laravel\framework\src\Illuminate\Pipeline\Pipeline.php(219): Illuminate\Auth\Middleware\Authenticate->handle(Object(Illuminate\Http\Request), Object(Closure))
#20 E:\PROJECTS\php_project\refurbished-phones-shop\vendor\laravel\framework\src\Illuminate\Foundation\Http\Middleware\VerifyCsrfToken.php(87): Illuminate\Pipeline\Pipeline->{closure:{closure:Illuminate\Pipeline\Pipeline::carry():194}:195}(Object(Illuminate\Http\Request))
#21 E:\PROJECTS\php_project\refurbished-phones-shop\vendor\laravel\framework\src\Illuminate\Pipeline\Pipeline.php(219): Illuminate\Foundation\Http\Middleware\VerifyCsrfToken->handle(Object(Illuminate\Http\Request), Object(Closure))
#22 E:\PROJECTS\php_project\refurbished-phones-shop\vendor\laravel\framework\src\Illuminate\View\Middleware\ShareErrorsFromSession.php(48): Illuminate\Pipeline\Pipeline->{closure:{closure:Illuminate\Pipeline\Pipeline::carry():194}:195}(Object(Illuminate\Http\Request))
#23 E:\PROJECTS\php_project\refurbished-phones-shop\vendor\laravel\framework\src\Illuminate\Pipeline\Pipeline.php(219): Illuminate\View\Middleware\ShareErrorsFromSession->handle(Object(Illuminate\Http\Request), Object(Closure))
#24 E:\PROJECTS\php_project\refurbished-phones-shop\vendor\laravel\framework\src\Illuminate\Session\Middleware\StartSession.php(120): Illuminate\Pipeline\Pipeline->{closure:{closure:Illuminate\Pipeline\Pipeline::carry():194}:195}(Object(Illuminate\Http\Request))
#25 E:\PROJECTS\php_project\refurbished-phones-shop\vendor\laravel\framework\src\Illuminate\Session\Middleware\StartSession.php(63): Illuminate\Session\Middleware\StartSession->handleStatefulRequest(Object(Illuminate\Http\Request), Object(Illuminate\Session\Store), Object(Closure))
#26 E:\PROJECTS\php_project\refurbished-phones-shop\vendor\laravel\framework\src\Illuminate\Pipeline\Pipeline.php(219): Illuminate\Session\Middleware\StartSession->handle(Object(Illuminate\Http\Request), Object(Closure))
#27 E:\PROJECTS\php_project\refurbished-phones-shop\vendor\laravel\framework\src\Illuminate\Cookie\Middleware\AddQueuedCookiesToResponse.php(36): Illuminate\Pipeline\Pipeline->{closure:{closure:Illuminate\Pipeline\Pipeline::carry():194}:195}(Object(Illuminate\Http\Request))
#28 E:\PROJECTS\php_project\refurbished-phones-shop\vendor\laravel\framework\src\Illuminate\Pipeline\Pipeline.php(219): Illuminate\Cookie\Middleware\AddQueuedCookiesToResponse->handle(Object(Illuminate\Http\Request), Object(Closure))
#29 E:\PROJECTS\php_project\refurbished-phones-shop\vendor\laravel\framework\src\Illuminate\Cookie\Middleware\EncryptCookies.php(74): Illuminate\Pipeline\Pipeline->{closure:{closure:Illuminate\Pipeline\Pipeline::carry():194}:195}(Object(Illuminate\Http\Request))
#30 E:\PROJECTS\php_project\refurbished-phones-shop\vendor\laravel\framework\src\Illuminate\Pipeline\Pipeline.php(219): Illuminate\Cookie\Middleware\EncryptCookies->handle(Object(Illuminate\Http\Request), Object(Closure))
#31 E:\PROJECTS\php_project\refurbished-phones-shop\vendor\laravel\framework\src\Illuminate\Pipeline\Pipeline.php(137): Illuminate\Pipeline\Pipeline->{closure:{closure:Illuminate\Pipeline\Pipeline::carry():194}:195}(Object(Illuminate\Http\Request))
#32 E:\PROJECTS\php_project\refurbished-phones-shop\vendor\laravel\framework\src\Illuminate\Routing\Router.php(821): Illuminate\Pipeline\Pipeline->then(Object(Closure))
#33 E:\PROJECTS\php_project\refurbished-phones-shop\vendor\laravel\framework\src\Illuminate\Routing\Router.php(800): Illuminate\Routing\Router->runRouteWithinStack(Object(Illuminate\Routing\Route), Object(Illuminate\Http\Request))
#34 E:\PROJECTS\php_project\refurbished-phones-shop\vendor\laravel\framework\src\Illuminate\Routing\Router.php(764): Illuminate\Routing\Router->runRoute(Object(Illuminate\Http\Request), Object(Illuminate\Routing\Route))
#35 E:\PROJECTS\php_project\refurbished-phones-shop\vendor\laravel\framework\src\Illuminate\Routing\Router.php(753): Illuminate\Routing\Router->dispatchToRoute(Object(Illuminate\Http\Request))
#36 E:\PROJECTS\php_project\refurbished-phones-shop\vendor\laravel\framework\src\Illuminate\Foundation\Http\Kernel.php(200): Illuminate\Routing\Router->dispatch(Object(Illuminate\Http\Request))
#37 E:\PROJECTS\php_project\refurbished-phones-shop\vendor\laravel\framework\src\Illuminate\Pipeline\Pipeline.php(180): Illuminate\Foundation\Http\Kernel->{closure:Illuminate\Foundation\Http\Kernel::dispatchToRouter():197}(Object(Illuminate\Http\Request))
#38 E:\PROJECTS\php_project\refurbished-phones-shop\vendor\laravel\framework\src\Illuminate\Foundation\Http\Middleware\TransformsRequest.php(21): Illuminate\Pipeline\Pipeline->{closure:Illuminate\Pipeline\Pipeline::prepareDestination():178}(Object(Illuminate\Http\Request))
#39 E:\PROJECTS\php_project\refurbished-phones-shop\vendor\laravel\framework\src\Illuminate\Foundation\Http\Middleware\ConvertEmptyStringsToNull.php(31): Illuminate\Foundation\Http\Middleware\TransformsRequest->handle(Object(Illuminate\Http\Request), Object(Closure))
#40 E:\PROJECTS\php_project\refurbished-phones-shop\vendor\laravel\framework\src\Illuminate\Pipeline\Pipeline.php(219): Illuminate\Foundation\Http\Middleware\ConvertEmptyStringsToNull->handle(Object(Illuminate\Http\Request), Object(Closure))
#41 E:\PROJECTS\php_project\refurbished-phones-shop\vendor\laravel\framework\src\Illuminate\Foundation\Http\Middleware\TransformsRequest.php(21): Illuminate\Pipeline\Pipeline->{closure:{closure:Illuminate\Pipeline\Pipeline::carry():194}:195}(Object(Illuminate\Http\Request))
#42 E:\PROJECTS\php_project\refurbished-phones-shop\vendor\laravel\framework\src\Illuminate\Foundation\Http\Middleware\TrimStrings.php(51): Illuminate\Foundation\Http\Middleware\TransformsRequest->handle(Object(Illuminate\Http\Request), Object(Closure))
#43 E:\PROJECTS\php_project\refurbished-phones-shop\vendor\laravel\framework\src\Illuminate\Pipeline\Pipeline.php(219): Illuminate\Foundation\Http\Middleware\TrimStrings->handle(Object(Illuminate\Http\Request), Object(Closure))
#44 E:\PROJECTS\php_project\refurbished-phones-shop\vendor\laravel\framework\src\Illuminate\Http\Middleware\ValidatePostSize.php(27): Illuminate\Pipeline\Pipeline->{closure:{closure:Illuminate\Pipeline\Pipeline::carry():194}:195}(Object(Illuminate\Http\Request))
#45 E:\PROJECTS\php_project\refurbished-phones-shop\vendor\laravel\framework\src\Illuminate\Pipeline\Pipeline.php(219): Illuminate\Http\Middleware\ValidatePostSize->handle(Object(Illuminate\Http\Request), Object(Closure))
#46 E:\PROJECTS\php_project\refurbished-phones-shop\vendor\laravel\framework\src\Illuminate\Foundation\Http\Middleware\PreventRequestsDuringMaintenance.php(109): Illuminate\Pipeline\Pipeline->{closure:{closure:Illuminate\Pipeline\Pipeline::carry():194}:195}(Object(Illuminate\Http\Request))
#47 E:\PROJECTS\php_project\refurbished-phones-shop\vendor\laravel\framework\src\Illuminate\Pipeline\Pipeline.php(219): Illuminate\Foundation\Http\Middleware\PreventRequestsDuringMaintenance->handle(Object(Illuminate\Http\Request), Object(Closure))
#48 E:\PROJECTS\php_project\refurbished-phones-shop\vendor\laravel\framework\src\Illuminate\Http\Middleware\HandleCors.php(61): Illuminate\Pipeline\Pipeline->{closure:{closure:Illuminate\Pipeline\Pipeline::carry():194}:195}(Object(Illuminate\Http\Request))
#49 E:\PROJECTS\php_project\refurbished-phones-shop\vendor\laravel\framework\src\Illuminate\Pipeline\Pipeline.php(219): Illuminate\Http\Middleware\HandleCors->handle(Object(Illuminate\Http\Request), Object(Closure))
#50 E:\PROJECTS\php_project\refurbished-phones-shop\vendor\laravel\framework\src\Illuminate\Http\Middleware\TrustProxies.php(58): Illuminate\Pipeline\Pipeline->{closure:{closure:Illuminate\Pipeline\Pipeline::carry():194}:195}(Object(Illuminate\Http\Request))
#51 E:\PROJECTS\php_project\refurbished-phones-shop\vendor\laravel\framework\src\Illuminate\Pipeline\Pipeline.php(219): Illuminate\Http\Middleware\TrustProxies->handle(Object(Illuminate\Http\Request), Object(Closure))
#52 E:\PROJECTS\php_project\refurbished-phones-shop\vendor\laravel\framework\src\Illuminate\Foundation\Http\Middleware\InvokeDeferredCallbacks.php(22): Illuminate\Pipeline\Pipeline->{closure:{closure:Illuminate\Pipeline\Pipeline::carry():194}:195}(Object(Illuminate\Http\Request))
#53 E:\PROJECTS\php_project\refurbished-phones-shop\vendor\laravel\framework\src\Illuminate\Pipeline\Pipeline.php(219): Illuminate\Foundation\Http\Middleware\InvokeDeferredCallbacks->handle(Object(Illuminate\Http\Request), Object(Closure))
#54 E:\PROJECTS\php_project\refurbished-phones-shop\vendor\laravel\framework\src\Illuminate\Http\Middleware\ValidatePathEncoding.php(26): Illuminate\Pipeline\Pipeline->{closure:{closure:Illuminate\Pipeline\Pipeline::carry():194}:195}(Object(Illuminate\Http\Request))
#55 E:\PROJECTS\php_project\refurbished-phones-shop\vendor\laravel\framework\src\Illuminate\Pipeline\Pipeline.php(219): Illuminate\Http\Middleware\ValidatePathEncoding->handle(Object(Illuminate\Http\Request), Object(Closure))
#56 E:\PROJECTS\php_project\refurbished-phones-shop\vendor\laravel\framework\src\Illuminate\Pipeline\Pipeline.php(137): Illuminate\Pipeline\Pipeline->{closure:{closure:Illuminate\Pipeline\Pipeline::carry():194}:195}(Object(Illuminate\Http\Request))
#57 E:\PROJECTS\php_project\refurbished-phones-shop\vendor\laravel\framework\src\Illuminate\Foundation\Http\Kernel.php(175): Illuminate\Pipeline\Pipeline->then(Object(Closure))
#58 E:\PROJECTS\php_project\refurbished-phones-shop\vendor\laravel\framework\src\Illuminate\Foundation\Http\Kernel.php(144): Illuminate\Foundation\Http\Kernel->sendRequestThroughRouter(Object(Illuminate\Http\Request))
#59 E:\PROJECTS\php_project\refurbished-phones-shop\vendor\laravel\framework\src\Illuminate\Foundation\Testing\Concerns\MakesHttpRequests.php(607): Illuminate\Foundation\Http\Kernel->handle(Object(Illuminate\Http\Request))
#60 E:\PROJECTS\php_project\refurbished-phones-shop\vendor\laravel\framework\src\Illuminate\Foundation\Testing\Concerns\MakesHttpRequests.php(368): Illuminate\Foundation\Testing\TestCase->call('GET', 'http://localhos...', Array, Array, Array, Array)
#61 E:\PROJECTS\php_project\refurbished-phones-shop\tests\Feature\AdminReportTest.php(82): Illuminate\Foundation\Testing\TestCase->get('http://localhos...')
#62 E:\PROJECTS\php_project\refurbished-phones-shop\vendor\phpunit\phpunit\src\Framework\TestCase.php(1667): Tests\Feature\AdminReportTest->test_reports_page_shows_correct_data()
#63 E:\PROJECTS\php_project\refurbished-phones-shop\vendor\phpunit\phpunit\src\Framework\TestCase.php(519): PHPUnit\Framework\TestCase->runTest()
#64 E:\PROJECTS\php_project\refurbished-phones-shop\vendor\phpunit\phpunit\src\Framework\TestRunner\TestRunner.php(87): PHPUnit\Framework\TestCase->runBare()
#65 E:\PROJECTS\php_project\refurbished-phones-shop\vendor\phpunit\phpunit\src\Framework\TestCase.php(365): PHPUnit\Framework\TestRunner->run(Object(Tests\Feature\AdminReportTest))
#66 E:\PROJECTS\php_project\refurbished-phones-shop\vendor\phpunit\phpunit\src\Framework\TestSuite.php(369): PHPUnit\Framework\TestCase->run()
#67 E:\PROJECTS\php_project\refurbished-phones-shop\vendor\phpunit\phpunit\src\Framework\TestSuite.php(369): PHPUnit\Framework\TestSuite->run()
#68 E:\PROJECTS\php_project\refurbished-phones-shop\vendor\phpunit\phpunit\src\Framework\TestSuite.php(369): PHPUnit\Framework\TestSuite->run()
#69 E:\PROJECTS\php_project\refurbished-phones-shop\vendor\phpunit\phpunit\src\TextUI\TestRunner.php(64): PHPUnit\Framework\TestSuite->run()
#70 E:\PROJECTS\php_project\refurbished-phones-shop\vendor\phpunit\phpunit\src\TextUI\Application.php(211): PHPUnit\TextUI\TestRunner->run(Object(PHPUnit\TextUI\Configuration\Configuration), Object(PHPUnit\Runner\ResultCache\DefaultResultCache), Object(PHPUnit\Framework\TestSuite))
#71 E:\PROJECTS\php_project\refurbished-phones-shop\vendor\phpunit\phpunit\phpunit(104): PHPUnit\TextUI\Application->run(Array)
#72 {main}

----------------------------------------------------------------------------------

SQLSTATE[HY000]: General error: 1 no such function: DATE_FORMAT (Connection: sqlite, Database: :memory:, SQL: select DATE_FORMAT(created_at, "%Y-%m") as month, COUNT(*) as new_customers from "users" where exists (select * from "roles" inner join "model_has_roles" on "roles"."id" = "model_has_roles"."role_id" where "users"."id" = "model_has_roles"."model_id" and "model_has_roles"."model_type" = App\Models\User and "roles"."id" in (2)) and "created_at" >= 2025-08-18 05:32:11 group by "month" order by "month" asc)

  at tests\Feature\AdminReportTest.php:84
     80Γûò         ]);
     81Γûò 
     82Γûò         $response = $this->actingAs($admin)->get(route('admin.reports.index'));
     83Γûò 
  Γ₧£  84Γûò         $response->assertStatus(200);
     85Γûò         // Check if data is passed to view
     86Γûò         $response->assertViewHas(['salesData', 'topProducts', 'orderStatusDist', 'customerGrowth']);
     87Γûò     }
     88Γûò }

  ΓöÇΓöÇΓöÇΓöÇΓöÇΓöÇΓöÇΓöÇΓöÇΓöÇΓöÇΓöÇΓöÇΓöÇΓöÇΓöÇΓöÇΓöÇΓöÇΓöÇΓöÇΓöÇΓöÇΓöÇΓöÇΓöÇΓöÇΓöÇΓöÇΓöÇΓöÇΓöÇΓöÇΓöÇΓöÇΓöÇΓöÇΓöÇΓöÇΓöÇΓöÇΓöÇΓöÇΓöÇΓöÇΓöÇΓöÇΓöÇΓöÇΓöÇΓöÇΓöÇΓöÇΓöÇΓöÇΓöÇΓöÇΓöÇΓöÇΓöÇΓöÇΓöÇΓöÇΓöÇΓöÇΓöÇΓöÇΓöÇΓöÇΓöÇΓöÇΓöÇ  
   FAILED  Tests\Feature\ExampleTest > the application returns a successΓÇª   
  Expected response status code [200] but received 500.
Failed asserting that 500 is identical to 200.

The following exception occurred during the last request:

PDOException: SQLSTATE[HY000]: General error: 1 no such table: products in E:\PROJECTS\php_project\refurbished-phones-shop\vendor\laravel\framework\src\Illuminate\Database\Connection.php:420
Stack trace:
#0 E:\PROJECTS\php_project\refurbished-phones-shop\vendor\laravel\framework\src\Illuminate\Database\Connection.php(420): PDO->prepare('select * from "...')
#1 E:\PROJECTS\php_project\refurbished-phones-shop\vendor\laravel\framework\src\Illuminate\Database\Connection.php(827): Illuminate\Database\Connection->{closure:Illuminate\Database\Connection::select():411}('select * from "...', Array)
#2 E:\PROJECTS\php_project\refurbished-phones-shop\vendor\laravel\framework\src\Illuminate\Database\Connection.php(794): Illuminate\Database\Connection->runQueryCallback('select * from "...', Array, Object(Closure))
#3 E:\PROJECTS\php_project\refurbished-phones-shop\vendor\laravel\framework\src\Illuminate\Database\Connection.php(411): Illuminate\Database\Connection->run('select * from "...', Array, Object(Closure))
#4 E:\PROJECTS\php_project\refurbished-phones-shop\vendor\laravel\framework\src\Illuminate\Database\Query\Builder.php(3438): Illuminate\Database\Connection->select('select * from "...', Array, true)
#5 E:\PROJECTS\php_project\refurbished-phones-shop\vendor\laravel\framework\src\Illuminate\Database\Query\Builder.php(3423): Illuminate\Database\Query\Builder->runSelect()
#6 E:\PROJECTS\php_project\refurbished-phones-shop\vendor\laravel\framework\src\Illuminate\Database\Query\Builder.php(4013): Illuminate\Database\Query\Builder->{closure:Illuminate\Database\Query\Builder::get():3422}()
#7 E:\PROJECTS\php_project\refurbished-phones-shop\vendor\laravel\framework\src\Illuminate\Database\Query\Builder.php(3422): Illuminate\Database\Query\Builder->onceWithColumns(Array, Object(Closure))
#8 E:\PROJECTS\php_project\refurbished-phones-shop\vendor\laravel\framework\src\Illuminate\Database\Eloquent\Builder.php(902): Illuminate\Database\Query\Builder->get(Array)
#9 E:\PROJECTS\php_project\refurbished-phones-shop\vendor\laravel\framework\src\Illuminate\Database\Eloquent\Builder.php(884): Illuminate\Database\Eloquent\Builder->getModels(Array)
#10 E:\PROJECTS\php_project\refurbished-phones-shop\app\Http\Controllers\HomeController.php(18): Illuminate\Database\Eloquent\Builder->get()
#11 E:\PROJECTS\php_project\refurbished-phones-shop\vendor\laravel\framework\src\Illuminate\Routing\ControllerDispatcher.php(46): App\Http\Controllers\HomeController->index()
#12 E:\PROJECTS\php_project\refurbished-phones-shop\vendor\laravel\framework\src\Illuminate\Routing\Route.php(265): Illuminate\Routing\ControllerDispatcher->dispatch(Object(Illuminate\Routing\Route), Object(App\Http\Controllers\HomeController), 'index')
#13 E:\PROJECTS\php_project\refurbished-phones-shop\vendor\laravel\framework\src\Illuminate\Routing\Route.php(211): Illuminate\Routing\Route->runController()
#14 E:\PROJECTS\php_project\refurbished-phones-shop\vendor\laravel\framework\src\Illuminate\Routing\Router.php(822): Illuminate\Routing\Route->run()
#15 E:\PROJECTS\php_project\refurbished-phones-shop\vendor\laravel\framework\src\Illuminate\Pipeline\Pipeline.php(180): Illuminate\Routing\Router->{closure:Illuminate\Routing\Router::runRouteWithinStack():821}(Object(Illuminate\Http\Request))
#16 E:\PROJECTS\php_project\refurbished-phones-shop\vendor\laravel\framework\src\Illuminate\Routing\Middleware\SubstituteBindings.php(50): Illuminate\Pipeline\Pipeline->{closure:Illuminate\Pipeline\Pipeline::prepareDestination():178}(Object(Illuminate\Http\Request))
#17 E:\PROJECTS\php_project\refurbished-phones-shop\vendor\laravel\framework\src\Illuminate\Pipeline\Pipeline.php(219): Illuminate\Routing\Middleware\SubstituteBindings->handle(Object(Illuminate\Http\Request), Object(Closure))
#18 E:\PROJECTS\php_project\refurbished-phones-shop\vendor\laravel\framework\src\Illuminate\Foundation\Http\Middleware\VerifyCsrfToken.php(87): Illuminate\Pipeline\Pipeline->{closure:{closure:Illuminate\Pipeline\Pipeline::carry():194}:195}(Object(Illuminate\Http\Request))
#19 E:\PROJECTS\php_project\refurbished-phones-shop\vendor\laravel\framework\src\Illuminate\Pipeline\Pipeline.php(219): Illuminate\Foundation\Http\Middleware\VerifyCsrfToken->handle(Object(Illuminate\Http\Request), Object(Closure))
#20 E:\PROJECTS\php_project\refurbished-phones-shop\vendor\laravel\framework\src\Illuminate\View\Middleware\ShareErrorsFromSession.php(48): Illuminate\Pipeline\Pipeline->{closure:{closure:Illuminate\Pipeline\Pipeline::carry():194}:195}(Object(Illuminate\Http\Request))
#21 E:\PROJECTS\php_project\refurbished-phones-shop\vendor\laravel\framework\src\Illuminate\Pipeline\Pipeline.php(219): Illuminate\View\Middleware\ShareErrorsFromSession->handle(Object(Illuminate\Http\Request), Object(Closure))
#22 E:\PROJECTS\php_project\refurbished-phones-shop\vendor\laravel\framework\src\Illuminate\Session\Middleware\StartSession.php(120): Illuminate\Pipeline\Pipeline->{closure:{closure:Illuminate\Pipeline\Pipeline::carry():194}:195}(Object(Illuminate\Http\Request))
#23 E:\PROJECTS\php_project\refurbished-phones-shop\vendor\laravel\framework\src\Illuminate\Session\Middleware\StartSession.php(63): Illuminate\Session\Middleware\StartSession->handleStatefulRequest(Object(Illuminate\Http\Request), Object(Illuminate\Session\Store), Object(Closure))
#24 E:\PROJECTS\php_project\refurbished-phones-shop\vendor\laravel\framework\src\Illuminate\Pipeline\Pipeline.php(219): Illuminate\Session\Middleware\StartSession->handle(Object(Illuminate\Http\Request), Object(Closure))
#25 E:\PROJECTS\php_project\refurbished-phones-shop\vendor\laravel\framework\src\Illuminate\Cookie\Middleware\AddQueuedCookiesToResponse.php(36): Illuminate\Pipeline\Pipeline->{closure:{closure:Illuminate\Pipeline\Pipeline::carry():194}:195}(Object(Illuminate\Http\Request))
#26 E:\PROJECTS\php_project\refurbished-phones-shop\vendor\laravel\framework\src\Illuminate\Pipeline\Pipeline.php(219): Illuminate\Cookie\Middleware\AddQueuedCookiesToResponse->handle(Object(Illuminate\Http\Request), Object(Closure))
#27 E:\PROJECTS\php_project\refurbished-phones-shop\vendor\laravel\framework\src\Illuminate\Cookie\Middleware\EncryptCookies.php(74): Illuminate\Pipeline\Pipeline->{closure:{closure:Illuminate\Pipeline\Pipeline::carry():194}:195}(Object(Illuminate\Http\Request))
#28 E:\PROJECTS\php_project\refurbished-phones-shop\vendor\laravel\framework\src\Illuminate\Pipeline\Pipeline.php(219): Illuminate\Cookie\Middleware\EncryptCookies->handle(Object(Illuminate\Http\Request), Object(Closure))
#29 E:\PROJECTS\php_project\refurbished-phones-shop\vendor\laravel\framework\src\Illuminate\Pipeline\Pipeline.php(137): Illuminate\Pipeline\Pipeline->{closure:{closure:Illuminate\Pipeline\Pipeline::carry():194}:195}(Object(Illuminate\Http\Request))
#30 E:\PROJECTS\php_project\refurbished-phones-shop\vendor\laravel\framework\src\Illuminate\Routing\Router.php(821): Illuminate\Pipeline\Pipeline->then(Object(Closure))
#31 E:\PROJECTS\php_project\refurbished-phones-shop\vendor\laravel\framework\src\Illuminate\Routing\Router.php(800): Illuminate\Routing\Router->runRouteWithinStack(Object(Illuminate\Routing\Route), Object(Illuminate\Http\Request))
#32 E:\PROJECTS\php_project\refurbished-phones-shop\vendor\laravel\framework\src\Illuminate\Routing\Router.php(764): Illuminate\Routing\Router->runRoute(Object(Illuminate\Http\Request), Object(Illuminate\Routing\Route))
#33 E:\PROJECTS\php_project\refurbished-phones-shop\vendor\laravel\framework\src\Illuminate\Routing\Router.php(753): Illuminate\Routing\Router->dispatchToRoute(Object(Illuminate\Http\Request))
#34 E:\PROJECTS\php_project\refurbished-phones-shop\vendor\laravel\framework\src\Illuminate\Foundation\Http\Kernel.php(200): Illuminate\Routing\Router->dispatch(Object(Illuminate\Http\Request))
#35 E:\PROJECTS\php_project\refurbished-phones-shop\vendor\laravel\framework\src\Illuminate\Pipeline\Pipeline.php(180): Illuminate\Foundation\Http\Kernel->{closure:Illuminate\Foundation\Http\Kernel::dispatchToRouter():197}(Object(Illuminate\Http\Request))
#36 E:\PROJECTS\php_project\refurbished-phones-shop\vendor\laravel\framework\src\Illuminate\Foundation\Http\Middleware\TransformsRequest.php(21): Illuminate\Pipeline\Pipeline->{closure:Illuminate\Pipeline\Pipeline::prepareDestination():178}(Object(Illuminate\Http\Request))
#37 E:\PROJECTS\php_project\refurbished-phones-shop\vendor\laravel\framework\src\Illuminate\Foundation\Http\Middleware\ConvertEmptyStringsToNull.php(31): Illuminate\Foundation\Http\Middleware\TransformsRequest->handle(Object(Illuminate\Http\Request), Object(Closure))
#38 E:\PROJECTS\php_project\refurbished-phones-shop\vendor\laravel\framework\src\Illuminate\Pipeline\Pipeline.php(219): Illuminate\Foundation\Http\Middleware\ConvertEmptyStringsToNull->handle(Object(Illuminate\Http\Request), Object(Closure))
#39 E:\PROJECTS\php_project\refurbished-phones-shop\vendor\laravel\framework\src\Illuminate\Foundation\Http\Middleware\TransformsRequest.php(21): Illuminate\Pipeline\Pipeline->{closure:{closure:Illuminate\Pipeline\Pipeline::carry():194}:195}(Object(Illuminate\Http\Request))
#40 E:\PROJECTS\php_project\refurbished-phones-shop\vendor\laravel\framework\src\Illuminate\Foundation\Http\Middleware\TrimStrings.php(51): Illuminate\Foundation\Http\Middleware\TransformsRequest->handle(Object(Illuminate\Http\Request), Object(Closure))
#41 E:\PROJECTS\php_project\refurbished-phones-shop\vendor\laravel\framework\src\Illuminate\Pipeline\Pipeline.php(219): Illuminate\Foundation\Http\Middleware\TrimStrings->handle(Object(Illuminate\Http\Request), Object(Closure))
#42 E:\PROJECTS\php_project\refurbished-phones-shop\vendor\laravel\framework\src\Illuminate\Http\Middleware\ValidatePostSize.php(27): Illuminate\Pipeline\Pipeline->{closure:{closure:Illuminate\Pipeline\Pipeline::carry():194}:195}(Object(Illuminate\Http\Request))
#43 E:\PROJECTS\php_project\refurbished-phones-shop\vendor\laravel\framework\src\Illuminate\Pipeline\Pipeline.php(219): Illuminate\Http\Middleware\ValidatePostSize->handle(Object(Illuminate\Http\Request), Object(Closure))
#44 E:\PROJECTS\php_project\refurbished-phones-shop\vendor\laravel\framework\src\Illuminate\Foundation\Http\Middleware\PreventRequestsDuringMaintenance.php(109): Illuminate\Pipeline\Pipeline->{closure:{closure:Illuminate\Pipeline\Pipeline::carry():194}:195}(Object(Illuminate\Http\Request))
#45 E:\PROJECTS\php_project\refurbished-phones-shop\vendor\laravel\framework\src\Illuminate\Pipeline\Pipeline.php(219): Illuminate\Foundation\Http\Middleware\PreventRequestsDuringMaintenance->handle(Object(Illuminate\Http\Request), Object(Closure))
#46 E:\PROJECTS\php_project\refurbished-phones-shop\vendor\laravel\framework\src\Illuminate\Http\Middleware\HandleCors.php(61): Illuminate\Pipeline\Pipeline->{closure:{closure:Illuminate\Pipeline\Pipeline::carry():194}:195}(Object(Illuminate\Http\Request))
#47 E:\PROJECTS\php_project\refurbished-phones-shop\vendor\laravel\framework\src\Illuminate\Pipeline\Pipeline.php(219): Illuminate\Http\Middleware\HandleCors->handle(Object(Illuminate\Http\Request), Object(Closure))
#48 E:\PROJECTS\php_project\refurbished-phones-shop\vendor\laravel\framework\src\Illuminate\Http\Middleware\TrustProxies.php(58): Illuminate\Pipeline\Pipeline->{closure:{closure:Illuminate\Pipeline\Pipeline::carry():194}:195}(Object(Illuminate\Http\Request))
#49 E:\PROJECTS\php_project\refurbished-phones-shop\vendor\laravel\framework\src\Illuminate\Pipeline\Pipeline.php(219): Illuminate\Http\Middleware\TrustProxies->handle(Object(Illuminate\Http\Request), Object(Closure))
#50 E:\PROJECTS\php_project\refurbished-phones-shop\vendor\laravel\framework\src\Illuminate\Foundation\Http\Middleware\InvokeDeferredCallbacks.php(22): Illuminate\Pipeline\Pipeline->{closure:{closure:Illuminate\Pipeline\Pipeline::carry():194}:195}(Object(Illuminate\Http\Request))
#51 E:\PROJECTS\php_project\refurbished-phones-shop\vendor\laravel\framework\src\Illuminate\Pipeline\Pipeline.php(219): Illuminate\Foundation\Http\Middleware\InvokeDeferredCallbacks->handle(Object(Illuminate\Http\Request), Object(Closure))
#52 E:\PROJECTS\php_project\refurbished-phones-shop\vendor\laravel\framework\src\Illuminate\Http\Middleware\ValidatePathEncoding.php(26): Illuminate\Pipeline\Pipeline->{closure:{closure:Illuminate\Pipeline\Pipeline::carry():194}:195}(Object(Illuminate\Http\Request))
#53 E:\PROJECTS\php_project\refurbished-phones-shop\vendor\laravel\framework\src\Illuminate\Pipeline\Pipeline.php(219): Illuminate\Http\Middleware\ValidatePathEncoding->handle(Object(Illuminate\Http\Request), Object(Closure))
#54 E:\PROJECTS\php_project\refurbished-phones-shop\vendor\laravel\framework\src\Illuminate\Pipeline\Pipeline.php(137): Illuminate\Pipeline\Pipeline->{closure:{closure:Illuminate\Pipeline\Pipeline::carry():194}:195}(Object(Illuminate\Http\Request))
#55 E:\PROJECTS\php_project\refurbished-phones-shop\vendor\laravel\framework\src\Illuminate\Foundation\Http\Kernel.php(175): Illuminate\Pipeline\Pipeline->then(Object(Closure))
#56 E:\PROJECTS\php_project\refurbished-phones-shop\vendor\laravel\framework\src\Illuminate\Foundation\Http\Kernel.php(144): Illuminate\Foundation\Http\Kernel->sendRequestThroughRouter(Object(Illuminate\Http\Request))
#57 E:\PROJECTS\php_project\refurbished-phones-shop\vendor\laravel\framework\src\Illuminate\Foundation\Testing\Concerns\MakesHttpRequests.php(607): Illuminate\Foundation\Http\Kernel->handle(Object(Illuminate\Http\Request))
#58 E:\PROJECTS\php_project\refurbished-phones-shop\vendor\laravel\framework\src\Illuminate\Foundation\Testing\Concerns\MakesHttpRequests.php(368): Illuminate\Foundation\Testing\TestCase->call('GET', '/', Array, Array, Array, Array)
#59 E:\PROJECTS\php_project\refurbished-phones-shop\tests\Feature\ExampleTest.php(15): Illuminate\Foundation\Testing\TestCase->get('/')
#60 E:\PROJECTS\php_project\refurbished-phones-shop\vendor\phpunit\phpunit\src\Framework\TestCase.php(1667): Tests\Feature\ExampleTest->test_the_application_returns_a_successful_response()
#61 E:\PROJECTS\php_project\refurbished-phones-shop\vendor\phpunit\phpunit\src\Framework\TestCase.php(519): PHPUnit\Framework\TestCase->runTest()
#62 E:\PROJECTS\php_project\refurbished-phones-shop\vendor\phpunit\phpunit\src\Framework\TestRunner\TestRunner.php(87): PHPUnit\Framework\TestCase->runBare()
#63 E:\PROJECTS\php_project\refurbished-phones-shop\vendor\phpunit\phpunit\src\Framework\TestCase.php(365): PHPUnit\Framework\TestRunner->run(Object(Tests\Feature\ExampleTest))
#64 E:\PROJECTS\php_project\refurbished-phones-shop\vendor\phpunit\phpunit\src\Framework\TestSuite.php(369): PHPUnit\Framework\TestCase->run()
#65 E:\PROJECTS\php_project\refurbished-phones-shop\vendor\phpunit\phpunit\src\Framework\TestSuite.php(369): PHPUnit\Framework\TestSuite->run()
#66 E:\PROJECTS\php_project\refurbished-phones-shop\vendor\phpunit\phpunit\src\Framework\TestSuite.php(369): PHPUnit\Framework\TestSuite->run()
#67 E:\PROJECTS\php_project\refurbished-phones-shop\vendor\phpunit\phpunit\src\TextUI\TestRunner.php(64): PHPUnit\Framework\TestSuite->run()
#68 E:\PROJECTS\php_project\refurbished-phones-shop\vendor\phpunit\phpunit\src\TextUI\Application.php(211): PHPUnit\TextUI\TestRunner->run(Object(PHPUnit\TextUI\Configuration\Configuration), Object(PHPUnit\Runner\ResultCache\DefaultResultCache), Object(PHPUnit\Framework\TestSuite))
#69 E:\PROJECTS\php_project\refurbished-phones-shop\vendor\phpunit\phpunit\phpunit(104): PHPUnit\TextUI\Application->run(Array)
#70 {main}

Next Illuminate\Database\QueryException: SQLSTATE[HY000]: General error: 1 no such table: products (Connection: sqlite, Database: :memory:, SQL: select * from "products" where "is_active" = 1 and "is_featured" = 1 and "products"."deleted_at" is null order by "published_at" desc limit 8) in E:\PROJECTS\php_project\refurbished-phones-shop\vendor\laravel\framework\src\Illuminate\Database\Connection.php:838
Stack trace:
#0 E:\PROJECTS\php_project\refurbished-phones-shop\vendor\laravel\framework\src\Illuminate\Database\Connection.php(794): Illuminate\Database\Connection->runQueryCallback('select * from "...', Array, Object(Closure))
#1 E:\PROJECTS\php_project\refurbished-phones-shop\vendor\laravel\framework\src\Illuminate\Database\Connection.php(411): Illuminate\Database\Connection->run('select * from "...', Array, Object(Closure))
#2 E:\PROJECTS\php_project\refurbished-phones-shop\vendor\laravel\framework\src\Illuminate\Database\Query\Builder.php(3438): Illuminate\Database\Connection->select('select * from "...', Array, true)
#3 E:\PROJECTS\php_project\refurbished-phones-shop\vendor\laravel\framework\src\Illuminate\Database\Query\Builder.php(3423): Illuminate\Database\Query\Builder->runSelect()
#4 E:\PROJECTS\php_project\refurbished-phones-shop\vendor\laravel\framework\src\Illuminate\Database\Query\Builder.php(4013): Illuminate\Database\Query\Builder->{closure:Illuminate\Database\Query\Builder::get():3422}()
#5 E:\PROJECTS\php_project\refurbished-phones-shop\vendor\laravel\framework\src\Illuminate\Database\Query\Builder.php(3422): Illuminate\Database\Query\Builder->onceWithColumns(Array, Object(Closure))
#6 E:\PROJECTS\php_project\refurbished-phones-shop\vendor\laravel\framework\src\Illuminate\Database\Eloquent\Builder.php(902): Illuminate\Database\Query\Builder->get(Array)
#7 E:\PROJECTS\php_project\refurbished-phones-shop\vendor\laravel\framework\src\Illuminate\Database\Eloquent\Builder.php(884): Illuminate\Database\Eloquent\Builder->getModels(Array)
#8 E:\PROJECTS\php_project\refurbished-phones-shop\app\Http\Controllers\HomeController.php(18): Illuminate\Database\Eloquent\Builder->get()
#9 E:\PROJECTS\php_project\refurbished-phones-shop\vendor\laravel\framework\src\Illuminate\Routing\ControllerDispatcher.php(46): App\Http\Controllers\HomeController->index()
#10 E:\PROJECTS\php_project\refurbished-phones-shop\vendor\laravel\framework\src\Illuminate\Routing\Route.php(265): Illuminate\Routing\ControllerDispatcher->dispatch(Object(Illuminate\Routing\Route), Object(App\Http\Controllers\HomeController), 'index')
#11 E:\PROJECTS\php_project\refurbished-phones-shop\vendor\laravel\framework\src\Illuminate\Routing\Route.php(211): Illuminate\Routing\Route->runController()
#12 E:\PROJECTS\php_project\refurbished-phones-shop\vendor\laravel\framework\src\Illuminate\Routing\Router.php(822): Illuminate\Routing\Route->run()
#13 E:\PROJECTS\php_project\refurbished-phones-shop\vendor\laravel\framework\src\Illuminate\Pipeline\Pipeline.php(180): Illuminate\Routing\Router->{closure:Illuminate\Routing\Router::runRouteWithinStack():821}(Object(Illuminate\Http\Request))
#14 E:\PROJECTS\php_project\refurbished-phones-shop\vendor\laravel\framework\src\Illuminate\Routing\Middleware\SubstituteBindings.php(50): Illuminate\Pipeline\Pipeline->{closure:Illuminate\Pipeline\Pipeline::prepareDestination():178}(Object(Illuminate\Http\Request))
#15 E:\PROJECTS\php_project\refurbished-phones-shop\vendor\laravel\framework\src\Illuminate\Pipeline\Pipeline.php(219): Illuminate\Routing\Middleware\SubstituteBindings->handle(Object(Illuminate\Http\Request), Object(Closure))
#16 E:\PROJECTS\php_project\refurbished-phones-shop\vendor\laravel\framework\src\Illuminate\Foundation\Http\Middleware\VerifyCsrfToken.php(87): Illuminate\Pipeline\Pipeline->{closure:{closure:Illuminate\Pipeline\Pipeline::carry():194}:195}(Object(Illuminate\Http\Request))
#17 E:\PROJECTS\php_project\refurbished-phones-shop\vendor\laravel\framework\src\Illuminate\Pipeline\Pipeline.php(219): Illuminate\Foundation\Http\Middleware\VerifyCsrfToken->handle(Object(Illuminate\Http\Request), Object(Closure))
#18 E:\PROJECTS\php_project\refurbished-phones-shop\vendor\laravel\framework\src\Illuminate\View\Middleware\ShareErrorsFromSession.php(48): Illuminate\Pipeline\Pipeline->{closure:{closure:Illuminate\Pipeline\Pipeline::carry():194}:195}(Object(Illuminate\Http\Request))
#19 E:\PROJECTS\php_project\refurbished-phones-shop\vendor\laravel\framework\src\Illuminate\Pipeline\Pipeline.php(219): Illuminate\View\Middleware\ShareErrorsFromSession->handle(Object(Illuminate\Http\Request), Object(Closure))
#20 E:\PROJECTS\php_project\refurbished-phones-shop\vendor\laravel\framework\src\Illuminate\Session\Middleware\StartSession.php(120): Illuminate\Pipeline\Pipeline->{closure:{closure:Illuminate\Pipeline\Pipeline::carry():194}:195}(Object(Illuminate\Http\Request))
#21 E:\PROJECTS\php_project\refurbished-phones-shop\vendor\laravel\framework\src\Illuminate\Session\Middleware\StartSession.php(63): Illuminate\Session\Middleware\StartSession->handleStatefulRequest(Object(Illuminate\Http\Request), Object(Illuminate\Session\Store), Object(Closure))
#22 E:\PROJECTS\php_project\refurbished-phones-shop\vendor\laravel\framework\src\Illuminate\Pipeline\Pipeline.php(219): Illuminate\Session\Middleware\StartSession->handle(Object(Illuminate\Http\Request), Object(Closure))
#23 E:\PROJECTS\php_project\refurbished-phones-shop\vendor\laravel\framework\src\Illuminate\Cookie\Middleware\AddQueuedCookiesToResponse.php(36): Illuminate\Pipeline\Pipeline->{closure:{closure:Illuminate\Pipeline\Pipeline::carry():194}:195}(Object(Illuminate\Http\Request))
#24 E:\PROJECTS\php_project\refurbished-phones-shop\vendor\laravel\framework\src\Illuminate\Pipeline\Pipeline.php(219): Illuminate\Cookie\Middleware\AddQueuedCookiesToResponse->handle(Object(Illuminate\Http\Request), Object(Closure))
#25 E:\PROJECTS\php_project\refurbished-phones-shop\vendor\laravel\framework\src\Illuminate\Cookie\Middleware\EncryptCookies.php(74): Illuminate\Pipeline\Pipeline->{closure:{closure:Illuminate\Pipeline\Pipeline::carry():194}:195}(Object(Illuminate\Http\Request))
#26 E:\PROJECTS\php_project\refurbished-phones-shop\vendor\laravel\framework\src\Illuminate\Pipeline\Pipeline.php(219): Illuminate\Cookie\Middleware\EncryptCookies->handle(Object(Illuminate\Http\Request), Object(Closure))
#27 E:\PROJECTS\php_project\refurbished-phones-shop\vendor\laravel\framework\src\Illuminate\Pipeline\Pipeline.php(137): Illuminate\Pipeline\Pipeline->{closure:{closure:Illuminate\Pipeline\Pipeline::carry():194}:195}(Object(Illuminate\Http\Request))
#28 E:\PROJECTS\php_project\refurbished-phones-shop\vendor\laravel\framework\src\Illuminate\Routing\Router.php(821): Illuminate\Pipeline\Pipeline->then(Object(Closure))
#29 E:\PROJECTS\php_project\refurbished-phones-shop\vendor\laravel\framework\src\Illuminate\Routing\Router.php(800): Illuminate\Routing\Router->runRouteWithinStack(Object(Illuminate\Routing\Route), Object(Illuminate\Http\Request))
#30 E:\PROJECTS\php_project\refurbished-phones-shop\vendor\laravel\framework\src\Illuminate\Routing\Router.php(764): Illuminate\Routing\Router->runRoute(Object(Illuminate\Http\Request), Object(Illuminate\Routing\Route))
#31 E:\PROJECTS\php_project\refurbished-phones-shop\vendor\laravel\framework\src\Illuminate\Routing\Router.php(753): Illuminate\Routing\Router->dispatchToRoute(Object(Illuminate\Http\Request))
#32 E:\PROJECTS\php_project\refurbished-phones-shop\vendor\laravel\framework\src\Illuminate\Foundation\Http\Kernel.php(200): Illuminate\Routing\Router->dispatch(Object(Illuminate\Http\Request))
#33 E:\PROJECTS\php_project\refurbished-phones-shop\vendor\laravel\framework\src\Illuminate\Pipeline\Pipeline.php(180): Illuminate\Foundation\Http\Kernel->{closure:Illuminate\Foundation\Http\Kernel::dispatchToRouter():197}(Object(Illuminate\Http\Request))
#34 E:\PROJECTS\php_project\refurbished-phones-shop\vendor\laravel\framework\src\Illuminate\Foundation\Http\Middleware\TransformsRequest.php(21): Illuminate\Pipeline\Pipeline->{closure:Illuminate\Pipeline\Pipeline::prepareDestination():178}(Object(Illuminate\Http\Request))
#35 E:\PROJECTS\php_project\refurbished-phones-shop\vendor\laravel\framework\src\Illuminate\Foundation\Http\Middleware\ConvertEmptyStringsToNull.php(31): Illuminate\Foundation\Http\Middleware\TransformsRequest->handle(Object(Illuminate\Http\Request), Object(Closure))
#36 E:\PROJECTS\php_project\refurbished-phones-shop\vendor\laravel\framework\src\Illuminate\Pipeline\Pipeline.php(219): Illuminate\Foundation\Http\Middleware\ConvertEmptyStringsToNull->handle(Object(Illuminate\Http\Request), Object(Closure))
#37 E:\PROJECTS\php_project\refurbished-phones-shop\vendor\laravel\framework\src\Illuminate\Foundation\Http\Middleware\TransformsRequest.php(21): Illuminate\Pipeline\Pipeline->{closure:{closure:Illuminate\Pipeline\Pipeline::carry():194}:195}(Object(Illuminate\Http\Request))
#38 E:\PROJECTS\php_project\refurbished-phones-shop\vendor\laravel\framework\src\Illuminate\Foundation\Http\Middleware\TrimStrings.php(51): Illuminate\Foundation\Http\Middleware\TransformsRequest->handle(Object(Illuminate\Http\Request), Object(Closure))
#39 E:\PROJECTS\php_project\refurbished-phones-shop\vendor\laravel\framework\src\Illuminate\Pipeline\Pipeline.php(219): Illuminate\Foundation\Http\Middleware\TrimStrings->handle(Object(Illuminate\Http\Request), Object(Closure))
#40 E:\PROJECTS\php_project\refurbished-phones-shop\vendor\laravel\framework\src\Illuminate\Http\Middleware\ValidatePostSize.php(27): Illuminate\Pipeline\Pipeline->{closure:{closure:Illuminate\Pipeline\Pipeline::carry():194}:195}(Object(Illuminate\Http\Request))
#41 E:\PROJECTS\php_project\refurbished-phones-shop\vendor\laravel\framework\src\Illuminate\Pipeline\Pipeline.php(219): Illuminate\Http\Middleware\ValidatePostSize->handle(Object(Illuminate\Http\Request), Object(Closure))
#42 E:\PROJECTS\php_project\refurbished-phones-shop\vendor\laravel\framework\src\Illuminate\Foundation\Http\Middleware\PreventRequestsDuringMaintenance.php(109): Illuminate\Pipeline\Pipeline->{closure:{closure:Illuminate\Pipeline\Pipeline::carry():194}:195}(Object(Illuminate\Http\Request))
#43 E:\PROJECTS\php_project\refurbished-phones-shop\vendor\laravel\framework\src\Illuminate\Pipeline\Pipeline.php(219): Illuminate\Foundation\Http\Middleware\PreventRequestsDuringMaintenance->handle(Object(Illuminate\Http\Request), Object(Closure))
#44 E:\PROJECTS\php_project\refurbished-phones-shop\vendor\laravel\framework\src\Illuminate\Http\Middleware\HandleCors.php(61): Illuminate\Pipeline\Pipeline->{closure:{closure:Illuminate\Pipeline\Pipeline::carry():194}:195}(Object(Illuminate\Http\Request))
#45 E:\PROJECTS\php_project\refurbished-phones-shop\vendor\laravel\framework\src\Illuminate\Pipeline\Pipeline.php(219): Illuminate\Http\Middleware\HandleCors->handle(Object(Illuminate\Http\Request), Object(Closure))
#46 E:\PROJECTS\php_project\refurbished-phones-shop\vendor\laravel\framework\src\Illuminate\Http\Middleware\TrustProxies.php(58): Illuminate\Pipeline\Pipeline->{closure:{closure:Illuminate\Pipeline\Pipeline::carry():194}:195}(Object(Illuminate\Http\Request))
#47 E:\PROJECTS\php_project\refurbished-phones-shop\vendor\laravel\framework\src\Illuminate\Pipeline\Pipeline.php(219): Illuminate\Http\Middleware\TrustProxies->handle(Object(Illuminate\Http\Request), Object(Closure))
#48 E:\PROJECTS\php_project\refurbished-phones-shop\vendor\laravel\framework\src\Illuminate\Foundation\Http\Middleware\InvokeDeferredCallbacks.php(22): Illuminate\Pipeline\Pipeline->{closure:{closure:Illuminate\Pipeline\Pipeline::carry():194}:195}(Object(Illuminate\Http\Request))
#49 E:\PROJECTS\php_project\refurbished-phones-shop\vendor\laravel\framework\src\Illuminate\Pipeline\Pipeline.php(219): Illuminate\Foundation\Http\Middleware\InvokeDeferredCallbacks->handle(Object(Illuminate\Http\Request), Object(Closure))
#50 E:\PROJECTS\php_project\refurbished-phones-shop\vendor\laravel\framework\src\Illuminate\Http\Middleware\ValidatePathEncoding.php(26): Illuminate\Pipeline\Pipeline->{closure:{closure:Illuminate\Pipeline\Pipeline::carry():194}:195}(Object(Illuminate\Http\Request))
#51 E:\PROJECTS\php_project\refurbished-phones-shop\vendor\laravel\framework\src\Illuminate\Pipeline\Pipeline.php(219): Illuminate\Http\Middleware\ValidatePathEncoding->handle(Object(Illuminate\Http\Request), Object(Closure))
#52 E:\PROJECTS\php_project\refurbished-phones-shop\vendor\laravel\framework\src\Illuminate\Pipeline\Pipeline.php(137): Illuminate\Pipeline\Pipeline->{closure:{closure:Illuminate\Pipeline\Pipeline::carry():194}:195}(Object(Illuminate\Http\Request))
#53 E:\PROJECTS\php_project\refurbished-phones-shop\vendor\laravel\framework\src\Illuminate\Foundation\Http\Kernel.php(175): Illuminate\Pipeline\Pipeline->then(Object(Closure))
#54 E:\PROJECTS\php_project\refurbished-phones-shop\vendor\laravel\framework\src\Illuminate\Foundation\Http\Kernel.php(144): Illuminate\Foundation\Http\Kernel->sendRequestThroughRouter(Object(Illuminate\Http\Request))
#55 E:\PROJECTS\php_project\refurbished-phones-shop\vendor\laravel\framework\src\Illuminate\Foundation\Testing\Concerns\MakesHttpRequests.php(607): Illuminate\Foundation\Http\Kernel->handle(Object(Illuminate\Http\Request))
#56 E:\PROJECTS\php_project\refurbished-phones-shop\vendor\laravel\framework\src\Illuminate\Foundation\Testing\Concerns\MakesHttpRequests.php(368): Illuminate\Foundation\Testing\TestCase->call('GET', '/', Array, Array, Array, Array)
#57 E:\PROJECTS\php_project\refurbished-phones-shop\tests\Feature\ExampleTest.php(15): Illuminate\Foundation\Testing\TestCase->get('/')
#58 E:\PROJECTS\php_project\refurbished-phones-shop\vendor\phpunit\phpunit\src\Framework\TestCase.php(1667): Tests\Feature\ExampleTest->test_the_application_returns_a_successful_response()
#59 E:\PROJECTS\php_project\refurbished-phones-shop\vendor\phpunit\phpunit\src\Framework\TestCase.php(519): PHPUnit\Framework\TestCase->runTest()
#60 E:\PROJECTS\php_project\refurbished-phones-shop\vendor\phpunit\phpunit\src\Framework\TestRunner\TestRunner.php(87): PHPUnit\Framework\TestCase->runBare()
#61 E:\PROJECTS\php_project\refurbished-phones-shop\vendor\phpunit\phpunit\src\Framework\TestCase.php(365): PHPUnit\Framework\TestRunner->run(Object(Tests\Feature\ExampleTest))
#62 E:\PROJECTS\php_project\refurbished-phones-shop\vendor\phpunit\phpunit\src\Framework\TestSuite.php(369): PHPUnit\Framework\TestCase->run()
#63 E:\PROJECTS\php_project\refurbished-phones-shop\vendor\phpunit\phpunit\src\Framework\TestSuite.php(369): PHPUnit\Framework\TestSuite->run()
#64 E:\PROJECTS\php_project\refurbished-phones-shop\vendor\phpunit\phpunit\src\Framework\TestSuite.php(369): PHPUnit\Framework\TestSuite->run()
#65 E:\PROJECTS\php_project\refurbished-phones-shop\vendor\phpunit\phpunit\src\TextUI\TestRunner.php(64): PHPUnit\Framework\TestSuite->run()
#66 E:\PROJECTS\php_project\refurbished-phones-shop\vendor\phpunit\phpunit\src\TextUI\Application.php(211): PHPUnit\TextUI\TestRunner->run(Object(PHPUnit\TextUI\Configuration\Configuration), Object(PHPUnit\Runner\ResultCache\DefaultResultCache), Object(PHPUnit\Framework\TestSuite))
#67 E:\PROJECTS\php_project\refurbished-phones-shop\vendor\phpunit\phpunit\phpunit(104): PHPUnit\TextUI\Application->run(Array)
#68 {main}

----------------------------------------------------------------------------------

SQLSTATE[HY000]: General error: 1 no such table: products (Connection: sqlite, Database: :memory:, SQL: select * from "products" where "is_active" = 1 and "is_featured" = 1 and "products"."deleted_at" is null order by "published_at" desc limit 8)

  at tests\Feature\ExampleTest.php:17
     13Γûò     public function test_the_application_returns_a_successful_response(): void
     14Γûò     {
     15Γûò         $response = $this->get('/');
     16Γûò 
  Γ₧£  17Γûò         $response->assertStatus(200);
     18Γûò     }
     19Γûò }
     20Γûò


  Tests:    3 failed, 33 passed (84 assertions)
  Duration: 4.62s

